Archive member included to satisfy reference by file (symbol)

d:/stm32/stm32cubeide_1.10.1/stm32cubeide/plugins/com.st.stm32cube.ide.mcu.externaltools.gnu-tools-for-stm32.10.3-2021.10.win32_1.0.0.202111181127/tools/bin/../lib/gcc/arm-none-eabi/10.3.1/../../../../arm-none-eabi/lib/thumb/v7e-m+fp/hard\libc_nano.a(lib_a-errno.o)
                              ./Core/Src/syscalls.o (__errno)
d:/stm32/stm32cubeide_1.10.1/stm32cubeide/plugins/com.st.stm32cube.ide.mcu.externaltools.gnu-tools-for-stm32.10.3-2021.10.win32_1.0.0.202111181127/tools/bin/../lib/gcc/arm-none-eabi/10.3.1/../../../../arm-none-eabi/lib/thumb/v7e-m+fp/hard\libc_nano.a(lib_a-exit.o)
                              d:/stm32/stm32cubeide_1.10.1/stm32cubeide/plugins/com.st.stm32cube.ide.mcu.externaltools.gnu-tools-for-stm32.10.3-2021.10.win32_1.0.0.202111181127/tools/bin/../lib/gcc/arm-none-eabi/10.3.1/../../../../arm-none-eabi/lib/thumb/v7e-m+fp/hard/crt0.o (exit)
d:/stm32/stm32cubeide_1.10.1/stm32cubeide/plugins/com.st.stm32cube.ide.mcu.externaltools.gnu-tools-for-stm32.10.3-2021.10.win32_1.0.0.202111181127/tools/bin/../lib/gcc/arm-none-eabi/10.3.1/../../../../arm-none-eabi/lib/thumb/v7e-m+fp/hard\libc_nano.a(lib_a-impure.o)
                              d:/stm32/stm32cubeide_1.10.1/stm32cubeide/plugins/com.st.stm32cube.ide.mcu.externaltools.gnu-tools-for-stm32.10.3-2021.10.win32_1.0.0.202111181127/tools/bin/../lib/gcc/arm-none-eabi/10.3.1/../../../../arm-none-eabi/lib/thumb/v7e-m+fp/hard\libc_nano.a(lib_a-exit.o) (_global_impure_ptr)
d:/stm32/stm32cubeide_1.10.1/stm32cubeide/plugins/com.st.stm32cube.ide.mcu.externaltools.gnu-tools-for-stm32.10.3-2021.10.win32_1.0.0.202111181127/tools/bin/../lib/gcc/arm-none-eabi/10.3.1/../../../../arm-none-eabi/lib/thumb/v7e-m+fp/hard\libc_nano.a(lib_a-init.o)
                              d:/stm32/stm32cubeide_1.10.1/stm32cubeide/plugins/com.st.stm32cube.ide.mcu.externaltools.gnu-tools-for-stm32.10.3-2021.10.win32_1.0.0.202111181127/tools/bin/../lib/gcc/arm-none-eabi/10.3.1/../../../../arm-none-eabi/lib/thumb/v7e-m+fp/hard/crt0.o (__libc_init_array)
d:/stm32/stm32cubeide_1.10.1/stm32cubeide/plugins/com.st.stm32cube.ide.mcu.externaltools.gnu-tools-for-stm32.10.3-2021.10.win32_1.0.0.202111181127/tools/bin/../lib/gcc/arm-none-eabi/10.3.1/../../../../arm-none-eabi/lib/thumb/v7e-m+fp/hard\libc_nano.a(lib_a-malloc.o)
                              ./Core/Src/SSD1306.o (malloc)
d:/stm32/stm32cubeide_1.10.1/stm32cubeide/plugins/com.st.stm32cube.ide.mcu.externaltools.gnu-tools-for-stm32.10.3-2021.10.win32_1.0.0.202111181127/tools/bin/../lib/gcc/arm-none-eabi/10.3.1/../../../../arm-none-eabi/lib/thumb/v7e-m+fp/hard\libc_nano.a(lib_a-memset.o)
                              d:/stm32/stm32cubeide_1.10.1/stm32cubeide/plugins/com.st.stm32cube.ide.mcu.externaltools.gnu-tools-for-stm32.10.3-2021.10.win32_1.0.0.202111181127/tools/bin/../lib/gcc/arm-none-eabi/10.3.1/../../../../arm-none-eabi/lib/thumb/v7e-m+fp/hard/crt0.o (memset)
d:/stm32/stm32cubeide_1.10.1/stm32cubeide/plugins/com.st.stm32cube.ide.mcu.externaltools.gnu-tools-for-stm32.10.3-2021.10.win32_1.0.0.202111181127/tools/bin/../lib/gcc/arm-none-eabi/10.3.1/../../../../arm-none-eabi/lib/thumb/v7e-m+fp/hard\libc_nano.a(lib_a-nano-freer.o)
                              d:/stm32/stm32cubeide_1.10.1/stm32cubeide/plugins/com.st.stm32cube.ide.mcu.externaltools.gnu-tools-for-stm32.10.3-2021.10.win32_1.0.0.202111181127/tools/bin/../lib/gcc/arm-none-eabi/10.3.1/../../../../arm-none-eabi/lib/thumb/v7e-m+fp/hard\libc_nano.a(lib_a-malloc.o) (_free_r)
d:/stm32/stm32cubeide_1.10.1/stm32cubeide/plugins/com.st.stm32cube.ide.mcu.externaltools.gnu-tools-for-stm32.10.3-2021.10.win32_1.0.0.202111181127/tools/bin/../lib/gcc/arm-none-eabi/10.3.1/../../../../arm-none-eabi/lib/thumb/v7e-m+fp/hard\libc_nano.a(lib_a-nano-mallocr.o)
                              d:/stm32/stm32cubeide_1.10.1/stm32cubeide/plugins/com.st.stm32cube.ide.mcu.externaltools.gnu-tools-for-stm32.10.3-2021.10.win32_1.0.0.202111181127/tools/bin/../lib/gcc/arm-none-eabi/10.3.1/../../../../arm-none-eabi/lib/thumb/v7e-m+fp/hard\libc_nano.a(lib_a-malloc.o) (_malloc_r)
d:/stm32/stm32cubeide_1.10.1/stm32cubeide/plugins/com.st.stm32cube.ide.mcu.externaltools.gnu-tools-for-stm32.10.3-2021.10.win32_1.0.0.202111181127/tools/bin/../lib/gcc/arm-none-eabi/10.3.1/../../../../arm-none-eabi/lib/thumb/v7e-m+fp/hard\libc_nano.a(lib_a-sbrkr.o)
                              d:/stm32/stm32cubeide_1.10.1/stm32cubeide/plugins/com.st.stm32cube.ide.mcu.externaltools.gnu-tools-for-stm32.10.3-2021.10.win32_1.0.0.202111181127/tools/bin/../lib/gcc/arm-none-eabi/10.3.1/../../../../arm-none-eabi/lib/thumb/v7e-m+fp/hard\libc_nano.a(lib_a-nano-mallocr.o) (_sbrk_r)
d:/stm32/stm32cubeide_1.10.1/stm32cubeide/plugins/com.st.stm32cube.ide.mcu.externaltools.gnu-tools-for-stm32.10.3-2021.10.win32_1.0.0.202111181127/tools/bin/../lib/gcc/arm-none-eabi/10.3.1/../../../../arm-none-eabi/lib/thumb/v7e-m+fp/hard\libc_nano.a(lib_a-mlock.o)
[...]
Memory Configuration

Name             Origin             Length             Attributes
RAM              0x0000000020000000 0x0000000000018000 xrw
RAM2             0x0000000010000000 0x0000000000008000 xrw
FLASH            0x0000000008000000 0x0000000000100000 xr
*default*        0x0000000000000000 0xffffffffffffffff

Linker script and memory map

LOAD d:/stm32/stm32cubeide_1.10.1/stm32cubeide/plugins/com.st.stm32cube.ide.mcu.externaltools.gnu-tools-for-stm32.10.3-2021.10.win32_1.0.0.202111181127/tools/bin/../lib/gcc/arm-none-eabi/10.3.1/thumb/v7e-m+fp/hard/crti.o
LOAD d:/stm32/stm32cubeide_1.10.1/stm32cubeide/plugins/com.st.stm32cube.ide.mcu.externaltools.gnu-tools-for-stm32.10.3-2021.10.win32_1.0.0.202111181127/tools/bin/../lib/gcc/arm-none-eabi/10.3.1/thumb/v7e-m+fp/hard/crtbegin.o
LOAD d:/stm32/stm32cubeide_1.10.1/stm32cubeide/plugins/com.st.stm32cube.ide.mcu.externaltools.gnu-tools-for-stm32.10.3-2021.10.win32_1.0.0.202111181127/tools/bin/../lib/gcc/arm-none-eabi/10.3.1/../../../../arm-none-eabi/lib/thumb/v7e-m+fp/hard/crt0.o
LOAD ./Core/Src/GFX.o
LOAD ./Core/Src/SSD1306.o
LOAD ./Core/Src/adc.o
LOAD ./Core/Src/dma.o
LOAD ./Core/Src/gpio.o
LOAD ./Core/Src/i2c.o
LOAD ./Core/Src/main.o
LOAD ./Core/Src/stm32l4xx_hal_msp.o
LOAD ./Core/Src/stm32l4xx_it.o
LOAD ./Core/Src/syscalls.o
LOAD ./Core/Src/sysmem.o
LOAD ./Core/Src/system_stm32l4xx.o
LOAD ./Core/Src/usart.o
LOAD ./Core/Startup/startup_stm32l476rgtx.o
LOAD ./Drivers/STM32L4xx_HAL_Driver/Src/stm32l4xx_hal.o
LOAD ./Drivers/STM32L4xx_HAL_Driver/Src/stm32l4xx_hal_adc.o
LOAD ./Drivers/STM32L4xx_HAL_Driver/Src/stm32l4xx_hal_adc_ex.o
LOAD ./Drivers/STM32L4xx_HAL_Driver/Src/stm32l4xx_hal_cortex.o
LOAD ./Drivers/STM32L4xx_HAL_Driver/Src/stm32l4xx_hal_dma.o
LOAD ./Drivers/STM32L4xx_HAL_Driver/Src/stm32l4xx_hal_dma_ex.o
LOAD ./Drivers/STM32L4xx_HAL_Driver/Src/stm32l4xx_hal_exti.o
LOAD ./Drivers/STM32L4xx_HAL_Driver/Src/stm32l4xx_hal_flash.o
LOAD ./Drivers/STM32L4xx_HAL_Driver/Src/stm32l4xx_hal_flash_ex.o
LOAD ./Drivers/STM32L4xx_HAL_Driver/Src/stm32l4xx_hal_flash_ramfunc.o
LOAD ./Drivers/STM32L4xx_HAL_Driver/Src/stm32l4xx_hal_gpio.o
LOAD ./Drivers/STM32L4xx_HAL_Driver/Src/stm32l4xx_hal_i2c.o
LOAD ./Drivers/STM32L4xx_HAL_Driver/Src/stm32l4xx_hal_i2c_ex.o
LOAD ./Drivers/STM32L4xx_HAL_Driver/Src/stm32l4xx_hal_pwr.o
LOAD ./Drivers/STM32L4xx_HAL_Driver/Src/stm32l4xx_hal_pwr_ex.o
LOAD ./Drivers/STM32L4xx_HAL_Driver/Src/stm32l4xx_hal_rcc.o
LOAD ./Drivers/STM32L4xx_HAL_Driver/Src/stm32l4xx_hal_rcc_ex.o
LOAD ./Drivers/STM32L4xx_HAL_Driver/Src/stm32l4xx_hal_tim.o
LOAD ./Drivers/STM32L4xx_HAL_Driver/Src/stm32l4xx_hal_tim_ex.o
LOAD ./Drivers/STM32L4xx_HAL_Driver/Src/stm32l4xx_hal_uart.o
LOAD ./Drivers/STM32L4xx_HAL_Driver/Src/stm32l4xx_hal_uart_ex.o
START GROUP
LOAD d:/stm32/stm32cubeide_1.10.1/stm32cubeide/plugins/com.st.stm32cube.ide.mcu.externaltools.gnu-tools-for-stm32.10.3-2021.10.win32_1.0.0.202111181127/tools/bin/../lib/gcc/arm-none-eabi/10.3.1/../../../../arm-none-eabi/lib/thumb/v7e-m+fp/hard\libc_nano.a
LOAD d:/stm32/stm32cubeide_1.10.1/stm32cubeide/plugins/com.st.stm32cube.ide.mcu.externaltools.gnu-tools-for-stm32.10.3-2021.10.win32_1.0.0.202111181127/tools/bin/../lib/gcc/arm-none-eabi/10.3.1/../../../../arm-none-eabi/lib/thumb/v7e-m+fp/hard\libm.a
END GROUP
START GROUP
LOAD d:/stm32/stm32cubeide_1.10.1/stm32cubeide/plugins/com.st.stm32cube.ide.mcu.externaltools.gnu-tools-for-stm32.10.3-2021.10.win32_1.0.0.202111181127/tools/bin/../lib/gcc/arm-none-eabi/10.3.1/thumb/v7e-m+fp/hard\libgcc.a
LOAD d:/stm32/stm32cubeide_1.10.1/stm32cubeide/plugins/com.st.stm32cube.ide.mcu.externaltools.gnu-tools-for-stm32.10.3-2021.10.win32_1.0.0.202111181127/tools/bin/../lib/gcc/arm-none-eabi/10.3.1/../../../../arm-none-eabi/lib/thumb/v7e-m+fp/hard\libc_nano.a
END GROUP
START GROUP
LOAD d:/stm32/stm32cubeide_1.10.1/stm32cubeide/plugins/com.st.stm32cube.ide.mcu.externaltools.gnu-tools-for-stm32.10.3-2021.10.win32_1.0.0.202111181127/tools/bin/../lib/gcc/arm-none-eabi/10.3.1/thumb/v7e-m+fp/hard\libgcc.a
LOAD d:/stm32/stm32cubeide_1.10.1/stm32cubeide/plugins/com.st.stm32cube.ide.mcu.externaltools.gnu-tools-for-stm32.10.3-2021.10.win32_1.0.0.202111181127/tools/bin/../lib/gcc/arm-none-eabi/10.3.1/../../../../arm-none-eabi/lib/thumb/v7e-m+fp/hard\libc_nano.a
LOAD d:/stm32/stm32cubeide_1.10.1/stm32cubeide/plugins/com.st.stm32cube.ide.mcu.externaltools.gnu-tools-for-stm32.10.3-2021.10.win32_1.0.0.202111181127/tools/bin/../lib/gcc/arm-none-eabi/10.3.1/../../../../arm-none-eabi/lib/thumb/v7e-m+fp/hard\libnosys.a
END GROUP
START GROUP
LOAD d:/stm32/stm32cubeide_1.10.1/stm32cubeide/plugins/com.st.stm32cube.ide.mcu.externaltools.gnu-tools-for-stm32.10.3-2021.10.win32_1.0.0.202111181127/tools/bin/../lib/gcc/arm-none-eabi/10.3.1/thumb/v7e-m+fp/hard\libgcc.a
LOAD d:/stm32/stm32cubeide_1.10.1/stm32cubeide/plugins/com.st.stm32cube.ide.mcu.externaltools.gnu-tools-for-stm32.10.3-2021.10.win32_1.0.0.202111181127/tools/bin/../lib/gcc/arm-none-eabi/10.3.1/../../../../arm-none-eabi/lib/thumb/v7e-m+fp/hard\libc_nano.a
LOAD d:/stm32/stm32cubeide_1.10.1/stm32cubeide/plugins/com.st.stm32cube.ide.mcu.externaltools.gnu-tools-for-stm32.10.3-2021.10.win32_1.0.0.202111181127/tools/bin/../lib/gcc/arm-none-eabi/10.3.1/../../../../arm-none-eabi/lib/thumb/v7e-m+fp/hard\libnosys.a
END GROUP
LOAD d:/stm32/stm32cubeide_1.10.1/stm32cubeide/plugins/com.st.stm32cube.ide.mcu.externaltools.gnu-tools-for-stm32.10.3-2021.10.win32_1.0.0.202111181127/tools/bin/../lib/gcc/arm-none-eabi/10.3.1/thumb/v7e-m+fp/hard/crtend.o
LOAD d:/stm32/stm32cubeide_1.10.1/stm32cubeide/plugins/com.st.stm32cube.ide.mcu.externaltools.gnu-tools-for-stm32.10.3-2021.10.win32_1.0.0.202111181127/tools/bin/../lib/gcc/arm-none-eabi/10.3.1/thumb/v7e-m+fp/hard/crtn.o
                0x0000000020018000                _estack = (ORIGIN (RAM) + LENGTH (RAM))
                0x0000000000000200                _Min_Heap_Size = 0x200
                0x0000000000000400                _Min_Stack_Size = 0x400

.isr_vector     0x0000000008000000      0x188
                0x0000000008000000                . = ALIGN (0x4)
 *(.isr_vector)
 .isr_vector    0x0000000008000000      0x188 ./Core/Startup/startup_stm32l476rgtx.o
                0x0000000008000000                g_pfnVectors
                0x0000000008000188                . = ALIGN (0x4)

.text           0x0000000008000188     0x7398
                0x0000000008000188                . = ALIGN (0x4)
 *(.text)
 .text          0x0000000008000188       0x40 d:/stm32/stm32cubeide_1.10.1/stm32cubeide/plugins/com.st.stm32cube.ide.mcu.externaltools.gnu-tools-for-stm32.10.3-2021.10.win32_1.0.0.202111181127/tools/bin/../lib/gcc/arm-none-eabi/10.3.1/thumb/v7e-m+fp/hard/crtbegin.o
 .text          0x00000000080001c8       0x30 d:/stm32/stm32cubeide_1.10.1/stm32cubeide/plugins/com.st.stm32cube.ide.mcu.externaltools.gnu-tools-for-stm32.10.3-2021.10.win32_1.0.0.202111181127/tools/bin/../lib/gcc/arm-none-eabi/10.3.1/thumb/v7e-m+fp/hard\libgcc.a(_aeabi_uldivmod.o)
                0x00000000080001c8                __aeabi_uldivmod
 .text          0x00000000080001f8      0x2d0 d:/stm32/stm32cubeide_1.10.1/stm32cubeide/plugins/com.st.stm32cube.ide.mcu.externaltools.gnu-tools-for-stm32.10.3-2021.10.win32_1.0.0.202111181127/tools/bin/../lib/gcc/arm-none-eabi/10.3.1/thumb/v7e-m+fp/hard\libgcc.a(_udivmoddi4.o)
                0x00000000080001f8                __udivmoddi4
 .text          0x00000000080004c8        0x4 d:/stm32/stm32cubeide_1.10.1/stm32cubeide/plugins/com.st.stm32cube.ide.mcu.externaltools.gnu-tools-for-stm32.10.3-2021.10.win32_1.0.0.202111181127/tools/bin/../lib/gcc/arm-none-eabi/10.3.1/thumb/v7e-m+fp/hard\libgcc.a(_dvmd_tls.o)
                0x00000000080004c8                __aeabi_idiv0
                0x00000000080004c8                __aeabi_ldiv0
 *(.text*)
 .text.GFX_draw_char
                0x00000000080004cc      0x234 ./Core/Src/GFX.o
                0x00000000080004cc                GFX_draw_char
 .text.GFX_draw_string
                0x0000000008000700       0x72 ./Core/Src/GFX.o
                0x0000000008000700                GFX_draw_string
 .text.GFX_draw_fill_rect
                0x0000000008000772       0x5e ./Core/Src/GFX.o
                0x0000000008000772                GFX_draw_fill_rect
 .text.platform_write
                0x00000000080007d0       0x38 ./Core/Src/SSD1306.o
 .text.platform_write_dma
                0x0000000008000808       0x34 ./Core/Src/SSD1306.o
 .text.SSD1306_send_com
                0x000000000800083c       0x1e ./Core/Src/SSD1306.o
 *fill*         0x000000000800085a        0x2 
 .text.SSD1306_init
                0x000000000800085c      0x118 ./Core/Src/SSD1306.o
                0x000000000800085c                SSD1306_init
 .text.SSD1306_draw_pixel
                0x0000000008000974      0x1b4 ./Core/Src/SSD1306.o
                0x0000000008000974                SSD1306_draw_pixel
 .text.SSD1306_display_clear
                0x0000000008000b28       0x1c ./Core/Src/SSD1306.o
                0x0000000008000b28                SSD1306_display_clear
 .text.SSD1306_draw_fast_hline_internal
                0x0000000008000b44      0x124 ./Core/Src/SSD1306.o
                0x0000000008000b44                SSD1306_draw_fast_hline_internal
 .text.SSD1306_draw_fast_vline
                0x0000000008000c68       0xf0 ./Core/Src/SSD1306.o
                0x0000000008000c68                SSD1306_draw_fast_vline
 .text.SSD1306_draw_fast_vline_internal
                0x0000000008000d58      0x1f4 ./Core/Src/SSD1306.o
                0x0000000008000d58                SSD1306_draw_fast_vline_internal
 .text.SSD1306_display_repaint
                0x0000000008000f4c       0x4c ./Core/Src/SSD1306.o
                0x0000000008000f4c                SSD1306_display_repaint
 .text.SSD1306_set_rotation
                0x0000000008000f98       0x20 ./Core/Src/SSD1306.o
                0x0000000008000f98                SSD1306_set_rotation
 .text.SSD1306_get_rotation
                0x0000000008000fb8       0x18 ./Core/Src/SSD1306.o
                0x0000000008000fb8                SSD1306_get_rotation
 .text.MX_ADC1_Init
                0x0000000008000fd0       0xec ./Core/Src/adc.o
                0x0000000008000fd0                MX_ADC1_Init
 .text.HAL_ADC_MspInit
                0x00000000080010bc      0x130 ./Core/Src/adc.o
                0x00000000080010bc                HAL_ADC_MspInit
 .text.MX_DMA_Init
                0x00000000080011ec       0x4c ./Core/Src/dma.o
                0x00000000080011ec                MX_DMA_Init
 .text.MX_GPIO_Init
                0x0000000008001238       0xdc ./Core/Src/gpio.o
                0x0000000008001238                MX_GPIO_Init
 .text.MX_I2C1_Init
                0x0000000008001314       0x80 ./Core/Src/i2c.o
                0x0000000008001314                MX_I2C1_Init
 .text.HAL_I2C_MspInit
                0x0000000008001394      0x128 ./Core/Src/i2c.o
                0x0000000008001394                HAL_I2C_MspInit
 .text.main     0x00000000080014bc       0x90 ./Core/Src/main.o
                0x00000000080014bc                main
 .text.SystemClock_Config
                0x000000000800154c       0xa2 ./Core/Src/main.o
                0x000000000800154c                SystemClock_Config
 .text.Draw_Block
                0x00000000080015ee       0x4a ./Core/Src/main.o
                0x00000000080015ee                Draw_Block
 .text.Jump     0x0000000008001638       0x40 ./Core/Src/main.o
                0x0000000008001638                Jump
 .text.HAL_GPIO_EXTI_Callback
                0x0000000008001678       0x34 ./Core/Src/main.o
                0x0000000008001678                HAL_GPIO_EXTI_Callback
 .text.Error_Handler
                0x00000000080016ac        0xa ./Core/Src/main.o
                0x00000000080016ac                Error_Handler
 *fill*         0x00000000080016b6        0x2 
 .text.HAL_MspInit
                0x00000000080016b8       0x48 ./Core/Src/stm32l4xx_hal_msp.o
                0x00000000080016b8                HAL_MspInit
 .text.NMI_Handler
                0x0000000008001700        0x6 ./Core/Src/stm32l4xx_it.o
                0x0000000008001700                NMI_Handler
 .text.HardFault_Handler
                0x0000000008001706        0x6 ./Core/Src/stm32l4xx_it.o
                0x0000000008001706                HardFault_Handler
 .text.MemManage_Handler
                0x000000000800170c        0x6 ./Core/Src/stm32l4xx_it.o
                0x000000000800170c                MemManage_Handler
 .text.BusFault_Handler
                0x0000000008001712        0x6 ./Core/Src/stm32l4xx_it.o
                0x0000000008001712                BusFault_Handler
 .text.UsageFault_Handler
                0x0000000008001718        0x6 ./Core/Src/stm32l4xx_it.o
                0x0000000008001718                UsageFault_Handler
 .text.SVC_Handler
                0x000000000800171e        0xe ./Core/Src/stm32l4xx_it.o
                0x000000000800171e                SVC_Handler
 .text.DebugMon_Handler
                0x000000000800172c        0xe ./Core/Src/stm32l4xx_it.o
                0x000000000800172c                DebugMon_Handler
 .text.PendSV_Handler
                0x000000000800173a        0xe ./Core/Src/stm32l4xx_it.o
                0x000000000800173a                PendSV_Handler
 .text.SysTick_Handler
                0x0000000008001748        0xc ./Core/Src/stm32l4xx_it.o
                0x0000000008001748                SysTick_Handler
 .text.DMA1_Channel1_IRQHandler
                0x0000000008001754       0x14 ./Core/Src/stm32l4xx_it.o
                0x0000000008001754                DMA1_Channel1_IRQHandler
 .text.DMA1_Channel6_IRQHandler
                0x0000000008001768       0x14 ./Core/Src/stm32l4xx_it.o
                0x0000000008001768                DMA1_Channel6_IRQHandler
 .text.I2C1_EV_IRQHandler
                0x000000000800177c       0x14 ./Core/Src/stm32l4xx_it.o
                0x000000000800177c                I2C1_EV_IRQHandler
 .text.EXTI15_10_IRQHandler
                0x0000000008001790       0x10 ./Core/Src/stm32l4xx_it.o
                0x0000000008001790                EXTI15_10_IRQHandler
 .text._sbrk    0x00000000080017a0       0x6c ./Core/Src/sysmem.o
                0x00000000080017a0                _sbrk
 .text.SystemInit
                0x000000000800180c       0x24 ./Core/Src/system_stm32l4xx.o
                0x000000000800180c                SystemInit
 .text.MX_USART2_UART_Init
                0x0000000008001830       0x60 ./Core/Src/usart.o
                0x0000000008001830                MX_USART2_UART_Init
 .text.HAL_UART_MspInit
                0x0000000008001890       0xb8 ./Core/Src/usart.o
                0x0000000008001890                HAL_UART_MspInit
 .text.Reset_Handler
                0x0000000008001948       0x50 ./Core/Startup/startup_stm32l476rgtx.o
                0x0000000008001948                Reset_Handler
 .text.Default_Handler
                0x0000000008001998        0x2 ./Core/Startup/startup_stm32l476rgtx.o
                0x0000000008001998                RTC_Alarm_IRQHandler
                0x0000000008001998                EXTI2_IRQHandler
                0x0000000008001998                TIM8_TRG_COM_IRQHandler
                0x0000000008001998                TIM8_CC_IRQHandler
                0x0000000008001998                TIM1_CC_IRQHandler
                0x0000000008001998                TSC_IRQHandler
                0x0000000008001998                TAMP_STAMP_IRQHandler
                0x0000000008001998                EXTI3_IRQHandler
                0x0000000008001998                LPTIM2_IRQHandler
                0x0000000008001998                DFSDM1_FLT1_IRQHandler
                0x0000000008001998                I2C3_ER_IRQHandler
                0x0000000008001998                DFSDM1_FLT2_IRQHandler
                0x0000000008001998                EXTI0_IRQHandler
                0x0000000008001998                I2C2_EV_IRQHandler
                0x0000000008001998                CAN1_RX0_IRQHandler
                0x0000000008001998                FPU_IRQHandler
                0x0000000008001998                TIM1_UP_TIM16_IRQHandler
                0x0000000008001998                ADC1_2_IRQHandler
                0x0000000008001998                SPI1_IRQHandler
                0x0000000008001998                TIM6_DAC_IRQHandler
                0x0000000008001998                TIM8_UP_IRQHandler
                0x0000000008001998                DMA2_Channel2_IRQHandler
                0x0000000008001998                DMA1_Channel4_IRQHandler
                0x0000000008001998                SAI2_IRQHandler
                0x0000000008001998                DFSDM1_FLT3_IRQHandler
                0x0000000008001998                USART3_IRQHandler
                0x0000000008001998                DMA1_Channel7_IRQHandler
                0x0000000008001998                CAN1_RX1_IRQHandler
                0x0000000008001998                LCD_IRQHandler
                0x0000000008001998                UART5_IRQHandler
                0x0000000008001998                ADC3_IRQHandler
                0x0000000008001998                TIM4_IRQHandler
                0x0000000008001998                DMA2_Channel1_IRQHandler
                0x0000000008001998                QUADSPI_IRQHandler
                0x0000000008001998                UART4_IRQHandler
                0x0000000008001998                DMA2_Channel4_IRQHandler
                0x0000000008001998                TIM3_IRQHandler
                0x0000000008001998                RCC_IRQHandler
                0x0000000008001998                Default_Handler
                0x0000000008001998                DMA2_Channel7_IRQHandler
                0x0000000008001998                TIM7_IRQHandler
                0x0000000008001998                SDMMC1_IRQHandler
                0x0000000008001998                TIM5_IRQHandler
                0x0000000008001998                I2C3_EV_IRQHandler
                0x0000000008001998                EXTI9_5_IRQHandler
                0x0000000008001998                RTC_WKUP_IRQHandler
                0x0000000008001998                PVD_PVM_IRQHandler
                0x0000000008001998                SPI2_IRQHandler
                0x0000000008001998                CAN1_TX_IRQHandler
                0x0000000008001998                DMA2_Channel5_IRQHandler
                0x0000000008001998                DMA1_Channel5_IRQHandler
                0x0000000008001998                EXTI4_IRQHandler
                0x0000000008001998                RNG_IRQHandler
                0x0000000008001998                TIM1_TRG_COM_TIM17_IRQHandler
                0x0000000008001998                DMA1_Channel3_IRQHandler
                0x0000000008001998                COMP_IRQHandler
                0x0000000008001998                WWDG_IRQHandler
                0x0000000008001998                LPUART1_IRQHandler
                0x0000000008001998                DMA2_Channel6_IRQHandler
                0x0000000008001998                TIM2_IRQHandler
                0x0000000008001998                EXTI1_IRQHandler
                0x0000000008001998                USART2_IRQHandler
                0x0000000008001998                DFSDM1_FLT0_IRQHandler
                0x0000000008001998                I2C2_ER_IRQHandler
                0x0000000008001998                DMA1_Channel2_IRQHandler
                0x0000000008001998                TIM8_BRK_IRQHandler
                0x0000000008001998                CAN1_SCE_IRQHandler
                0x0000000008001998                FLASH_IRQHandler
                0x0000000008001998                USART1_IRQHandler
                0x0000000008001998                OTG_FS_IRQHandler
                0x0000000008001998                SPI3_IRQHandler
                0x0000000008001998                I2C1_ER_IRQHandler
                0x0000000008001998                FMC_IRQHandler
                0x0000000008001998                SWPMI1_IRQHandler
                0x0000000008001998                LPTIM1_IRQHandler
                0x0000000008001998                SAI1_IRQHandler
                0x0000000008001998                DMA2_Channel3_IRQHandler
                0x0000000008001998                TIM1_BRK_TIM15_IRQHandler
 *fill*         0x000000000800199a        0x2 
 .text.HAL_Init
                0x000000000800199c       0x40 ./Drivers/STM32L4xx_HAL_Driver/Src/stm32l4xx_hal.o
                0x000000000800199c                HAL_Init
 .text.HAL_InitTick
                0x00000000080019dc       0x78 ./Drivers/STM32L4xx_HAL_Driver/Src/stm32l4xx_hal.o
                0x00000000080019dc                HAL_InitTick
 .text.HAL_IncTick
                0x0000000008001a54       0x28 ./Drivers/STM32L4xx_HAL_Driver/Src/stm32l4xx_hal.o
                0x0000000008001a54                HAL_IncTick
 .text.HAL_GetTick
                0x0000000008001a7c       0x18 ./Drivers/STM32L4xx_HAL_Driver/Src/stm32l4xx_hal.o
                0x0000000008001a7c                HAL_GetTick
 .text.HAL_Delay
                0x0000000008001a94       0x48 ./Drivers/STM32L4xx_HAL_Driver/Src/stm32l4xx_hal.o
                0x0000000008001a94                HAL_Delay
 .text.LL_ADC_SetCommonClock
                0x0000000008001adc       0x26 ./Drivers/STM32L4xx_HAL_Driver/Src/stm32l4xx_hal_adc.o
 .text.LL_ADC_SetCommonPathInternalCh
                0x0000000008001b02       0x26 ./Drivers/STM32L4xx_HAL_Driver/Src/stm32l4xx_hal_adc.o
 .text.LL_ADC_GetCommonPathInternalCh
                0x0000000008001b28       0x1c ./Drivers/STM32L4xx_HAL_Driver/Src/stm32l4xx_hal_adc.o
 .text.LL_ADC_SetOffset
                0x0000000008001b44       0x48 ./Drivers/STM32L4xx_HAL_Driver/Src/stm32l4xx_hal_adc.o
 .text.LL_ADC_GetOffsetChannel
                0x0000000008001b8c       0x2c ./Drivers/STM32L4xx_HAL_Driver/Src/stm32l4xx_hal_adc.o
 .text.LL_ADC_SetOffsetState
                0x0000000008001bb8       0x36 ./Drivers/STM32L4xx_HAL_Driver/Src/stm32l4xx_hal_adc.o
 .text.LL_ADC_REG_SetSequencerRanks
                0x0000000008001bee       0x58 ./Drivers/STM32L4xx_HAL_Driver/Src/stm32l4xx_hal_adc.o
 .text.LL_ADC_SetChannelSamplingTime
                0x0000000008001c46       0x56 ./Drivers/STM32L4xx_HAL_Driver/Src/stm32l4xx_hal_adc.o
 .text.LL_ADC_SetChannelSingleDiff
                0x0000000008001c9c       0x48 ./Drivers/STM32L4xx_HAL_Driver/Src/stm32l4xx_hal_adc.o
 .text.LL_ADC_DisableDeepPowerDown
                0x0000000008001ce4       0x24 ./Drivers/STM32L4xx_HAL_Driver/Src/stm32l4xx_hal_adc.o
 .text.LL_ADC_IsDeepPowerDownEnabled
                0x0000000008001d08       0x28 ./Drivers/STM32L4xx_HAL_Driver/Src/stm32l4xx_hal_adc.o
 .text.LL_ADC_EnableInternalRegulator
                0x0000000008001d30       0x28 ./Drivers/STM32L4xx_HAL_Driver/Src/stm32l4xx_hal_adc.o
 .text.LL_ADC_IsInternalRegulatorEnabled
                0x0000000008001d58       0x28 ./Drivers/STM32L4xx_HAL_Driver/Src/stm32l4xx_hal_adc.o
 .text.LL_ADC_IsEnabled
                0x0000000008001d80       0x26 ./Drivers/STM32L4xx_HAL_Driver/Src/stm32l4xx_hal_adc.o
 .text.LL_ADC_REG_IsConversionOngoing
                0x0000000008001da6       0x26 ./Drivers/STM32L4xx_HAL_Driver/Src/stm32l4xx_hal_adc.o
 .text.LL_ADC_INJ_IsConversionOngoing
                0x0000000008001dcc       0x26 ./Drivers/STM32L4xx_HAL_Driver/Src/stm32l4xx_hal_adc.o
 *fill*         0x0000000008001df2        0x2 
 .text.HAL_ADC_Init
                0x0000000008001df4      0x2ac ./Drivers/STM32L4xx_HAL_Driver/Src/stm32l4xx_hal_adc.o
                0x0000000008001df4                HAL_ADC_Init
 .text.HAL_ADC_ConfigChannel
                0x00000000080020a0      0x7e0 ./Drivers/STM32L4xx_HAL_Driver/Src/stm32l4xx_hal_adc.o
                0x00000000080020a0                HAL_ADC_ConfigChannel
 .text.LL_ADC_IsEnabled
                0x0000000008002880       0x26 ./Drivers/STM32L4xx_HAL_Driver/Src/stm32l4xx_hal_adc_ex.o
 .text.LL_ADC_REG_IsConversionOngoing
                0x00000000080028a6       0x26 ./Drivers/STM32L4xx_HAL_Driver/Src/stm32l4xx_hal_adc_ex.o
 .text.HAL_ADCEx_MultiModeConfigChannel
                0x00000000080028cc      0x160 ./Drivers/STM32L4xx_HAL_Driver/Src/stm32l4xx_hal_adc_ex.o
                0x00000000080028cc                HAL_ADCEx_MultiModeConfigChannel
 .text.__NVIC_SetPriorityGrouping
                0x0000000008002a2c       0x48 ./Drivers/STM32L4xx_HAL_Driver/Src/stm32l4xx_hal_cortex.o
 .text.__NVIC_GetPriorityGrouping
                0x0000000008002a74       0x1c ./Drivers/STM32L4xx_HAL_Driver/Src/stm32l4xx_hal_cortex.o
 .text.__NVIC_EnableIRQ
                0x0000000008002a90       0x3c ./Drivers/STM32L4xx_HAL_Driver/Src/stm32l4xx_hal_cortex.o
 .text.__NVIC_SetPriority
                0x0000000008002acc       0x54 ./Drivers/STM32L4xx_HAL_Driver/Src/stm32l4xx_hal_cortex.o
 .text.NVIC_EncodePriority
                0x0000000008002b20       0x66 ./Drivers/STM32L4xx_HAL_Driver/Src/stm32l4xx_hal_cortex.o
 *fill*         0x0000000008002b86        0x2 
 .text.SysTick_Config
                0x0000000008002b88       0x44 ./Drivers/STM32L4xx_HAL_Driver/Src/stm32l4xx_hal_cortex.o
 .text.HAL_NVIC_SetPriorityGrouping
                0x0000000008002bcc       0x16 ./Drivers/STM32L4xx_HAL_Driver/Src/stm32l4xx_hal_cortex.o
                0x0000000008002bcc                HAL_NVIC_SetPriorityGrouping
 .text.HAL_NVIC_SetPriority
                0x0000000008002be2       0x38 ./Drivers/STM32L4xx_HAL_Driver/Src/stm32l4xx_hal_cortex.o
                0x0000000008002be2                HAL_NVIC_SetPriority
 .text.HAL_NVIC_EnableIRQ
                0x0000000008002c1a       0x1c ./Drivers/STM32L4xx_HAL_Driver/Src/stm32l4xx_hal_cortex.o
                0x0000000008002c1a                HAL_NVIC_EnableIRQ
 .text.HAL_SYSTICK_Config
                0x0000000008002c36       0x18 ./Drivers/STM32L4xx_HAL_Driver/Src/stm32l4xx_hal_cortex.o
                0x0000000008002c36                HAL_SYSTICK_Config
 *fill*         0x0000000008002c4e        0x2 
 .text.HAL_DMA_Init
                0x0000000008002c50      0x170 ./Drivers/STM32L4xx_HAL_Driver/Src/stm32l4xx_hal_dma.o
                0x0000000008002c50                HAL_DMA_Init
 .text.HAL_DMA_Start_IT
                0x0000000008002dc0       0xc0 ./Drivers/STM32L4xx_HAL_Driver/Src/stm32l4xx_hal_dma.o
                0x0000000008002dc0                HAL_DMA_Start_IT
 .text.HAL_DMA_Abort_IT
                0x0000000008002e80       0x82 ./Drivers/STM32L4xx_HAL_Driver/Src/stm32l4xx_hal_dma.o
                0x0000000008002e80                HAL_DMA_Abort_IT
 .text.HAL_DMA_IRQHandler
                0x0000000008002f02      0x15e ./Drivers/STM32L4xx_HAL_Driver/Src/stm32l4xx_hal_dma.o
                0x0000000008002f02                HAL_DMA_IRQHandler
 .text.HAL_DMA_GetState
                0x0000000008003060       0x1c ./Drivers/STM32L4xx_HAL_Driver/Src/stm32l4xx_hal_dma.o
                0x0000000008003060                HAL_DMA_GetState
 .text.DMA_SetConfig
                0x000000000800307c       0x60 ./Drivers/STM32L4xx_HAL_Driver/Src/stm32l4xx_hal_dma.o
 .text.HAL_GPIO_Init
                0x00000000080030dc      0x354 ./Drivers/STM32L4xx_HAL_Driver/Src/stm32l4xx_hal_gpio.o
                0x00000000080030dc                HAL_GPIO_Init
 .text.HAL_GPIO_WritePin
                0x0000000008003430       0x30 ./Drivers/STM32L4xx_HAL_Driver/Src/stm32l4xx_hal_gpio.o
                0x0000000008003430                HAL_GPIO_WritePin
 .text.HAL_GPIO_EXTI_IRQHandler
                0x0000000008003460       0x30 ./Drivers/STM32L4xx_HAL_Driver/Src/stm32l4xx_hal_gpio.o
                0x0000000008003460                HAL_GPIO_EXTI_IRQHandler
 .text.HAL_I2C_Init
                0x0000000008003490      0x11e ./Drivers/STM32L4xx_HAL_Driver/Src/stm32l4xx_hal_i2c.o
                0x0000000008003490                HAL_I2C_Init
 *fill*         0x00000000080035ae        0x2 
 .text.HAL_I2C_Mem_Write
                0x00000000080035b0      0x228 ./Drivers/STM32L4xx_HAL_Driver/Src/stm32l4xx_hal_i2c.o
                0x00000000080035b0                HAL_I2C_Mem_Write
 .text.HAL_I2C_Mem_Write_DMA
                0x00000000080037d8      0x1cc ./Drivers/STM32L4xx_HAL_Driver/Src/stm32l4xx_hal_i2c.o
                0x00000000080037d8                HAL_I2C_Mem_Write_DMA
 .text.HAL_I2C_EV_IRQHandler
                0x00000000080039a4       0x34 ./Drivers/STM32L4xx_HAL_Driver/Src/stm32l4xx_hal_i2c.o
                0x00000000080039a4                HAL_I2C_EV_IRQHandler
 .text.HAL_I2C_MasterTxCpltCallback
                0x00000000080039d8       0x14 ./Drivers/STM32L4xx_HAL_Driver/Src/stm32l4xx_hal_i2c.o
                0x00000000080039d8                HAL_I2C_MasterTxCpltCallback
 .text.HAL_I2C_MasterRxCpltCallback
                0x00000000080039ec       0x14 ./Drivers/STM32L4xx_HAL_Driver/Src/stm32l4xx_hal_i2c.o
                0x00000000080039ec                HAL_I2C_MasterRxCpltCallback
 .text.HAL_I2C_SlaveTxCpltCallback
                0x0000000008003a00       0x14 ./Drivers/STM32L4xx_HAL_Driver/Src/stm32l4xx_hal_i2c.o
                0x0000000008003a00                HAL_I2C_SlaveTxCpltCallback
 .text.HAL_I2C_SlaveRxCpltCallback
                0x0000000008003a14       0x14 ./Drivers/STM32L4xx_HAL_Driver/Src/stm32l4xx_hal_i2c.o
                0x0000000008003a14                HAL_I2C_SlaveRxCpltCallback
 .text.HAL_I2C_AddrCallback
                0x0000000008003a28       0x1c ./Drivers/STM32L4xx_HAL_Driver/Src/stm32l4xx_hal_i2c.o
                0x0000000008003a28                HAL_I2C_AddrCallback
 .text.HAL_I2C_ListenCpltCallback
                0x0000000008003a44       0x14 ./Drivers/STM32L4xx_HAL_Driver/Src/stm32l4xx_hal_i2c.o
                0x0000000008003a44                HAL_I2C_ListenCpltCallback
 .text.HAL_I2C_MemTxCpltCallback
                0x0000000008003a58       0x14 ./Drivers/STM32L4xx_HAL_Driver/Src/stm32l4xx_hal_i2c.o
                0x0000000008003a58                HAL_I2C_MemTxCpltCallback
 .text.HAL_I2C_MemRxCpltCallback
                0x0000000008003a6c       0x14 ./Drivers/STM32L4xx_HAL_Driver/Src/stm32l4xx_hal_i2c.o
                0x0000000008003a6c                HAL_I2C_MemRxCpltCallback
 .text.HAL_I2C_ErrorCallback
                0x0000000008003a80       0x14 ./Drivers/STM32L4xx_HAL_Driver/Src/stm32l4xx_hal_i2c.o
                0x0000000008003a80                HAL_I2C_ErrorCallback
 .text.HAL_I2C_AbortCpltCallback
                0x0000000008003a94       0x14 ./Drivers/STM32L4xx_HAL_Driver/Src/stm32l4xx_hal_i2c.o
                0x0000000008003a94                HAL_I2C_AbortCpltCallback
 .text.I2C_Slave_ISR_IT
                0x0000000008003aa8      0x206 ./Drivers/STM32L4xx_HAL_Driver/Src/stm32l4xx_hal_i2c.o
 .text.I2C_Master_ISR_DMA
                0x0000000008003cae      0x1e6 ./Drivers/STM32L4xx_HAL_Driver/Src/stm32l4xx_hal_i2c.o
 .text.I2C_Mem_ISR_DMA
                0x0000000008003e94      0x248 ./Drivers/STM32L4xx_HAL_Driver/Src/stm32l4xx_hal_i2c.o
 .text.I2C_Slave_ISR_DMA
                0x00000000080040dc      0x1c0 ./Drivers/STM32L4xx_HAL_Driver/Src/stm32l4xx_hal_i2c.o
 .text.I2C_RequestMemoryWrite
                0x000000000800429c       0xa8 ./Drivers/STM32L4xx_HAL_Driver/Src/stm32l4xx_hal_i2c.o
 .text.I2C_ITAddrCplt
                0x0000000008004344      0x108 ./Drivers/STM32L4xx_HAL_Driver/Src/stm32l4xx_hal_i2c.o
 .text.I2C_ITMasterSeqCplt
                0x000000000800444c       0x7a ./Drivers/STM32L4xx_HAL_Driver/Src/stm32l4xx_hal_i2c.o
 .text.I2C_ITSlaveSeqCplt
                0x00000000080044c6       0xbc ./Drivers/STM32L4xx_HAL_Driver/Src/stm32l4xx_hal_i2c.o
 *fill*         0x0000000008004582        0x2 
 .text.I2C_ITMasterCplt
                0x0000000008004584      0x194 ./Drivers/STM32L4xx_HAL_Driver/Src/stm32l4xx_hal_i2c.o
 .text.I2C_ITSlaveCplt
                0x0000000008004718      0x214 ./Drivers/STM32L4xx_HAL_Driver/Src/stm32l4xx_hal_i2c.o
 .text.I2C_ITListenCplt
                0x000000000800492c       0xac ./Drivers/STM32L4xx_HAL_Driver/Src/stm32l4xx_hal_i2c.o
 .text.I2C_ITError
                0x00000000080049d8      0x1a0 ./Drivers/STM32L4xx_HAL_Driver/Src/stm32l4xx_hal_i2c.o
 .text.I2C_TreatErrorCallback
                0x0000000008004b78       0x4e ./Drivers/STM32L4xx_HAL_Driver/Src/stm32l4xx_hal_i2c.o
 .text.I2C_Flush_TXDR
                0x0000000008004bc6       0x48 ./Drivers/STM32L4xx_HAL_Driver/Src/stm32l4xx_hal_i2c.o
 .text.I2C_DMAMasterTransmitCplt
                0x0000000008004c0e       0x96 ./Drivers/STM32L4xx_HAL_Driver/Src/stm32l4xx_hal_i2c.o
 .text.I2C_DMAError
                0x0000000008004ca4       0x2e ./Drivers/STM32L4xx_HAL_Driver/Src/stm32l4xx_hal_i2c.o
 .text.I2C_DMAAbort
                0x0000000008004cd2       0x3c ./Drivers/STM32L4xx_HAL_Driver/Src/stm32l4xx_hal_i2c.o
 .text.I2C_WaitOnFlagUntilTimeout
                0x0000000008004d0e       0x80 ./Drivers/STM32L4xx_HAL_Driver/Src/stm32l4xx_hal_i2c.o
 .text.I2C_WaitOnTXISFlagUntilTimeout
                0x0000000008004d8e       0x80 ./Drivers/STM32L4xx_HAL_Driver/Src/stm32l4xx_hal_i2c.o
 .text.I2C_WaitOnSTOPFlagUntilTimeout
                0x0000000008004e0e       0x78 ./Drivers/STM32L4xx_HAL_Driver/Src/stm32l4xx_hal_i2c.o
 *fill*         0x0000000008004e86        0x2 
 .text.I2C_IsErrorOccurred
                0x0000000008004e88      0x1d8 ./Drivers/STM32L4xx_HAL_Driver/Src/stm32l4xx_hal_i2c.o
 .text.I2C_TransferConfig
                0x0000000008005060       0x64 ./Drivers/STM32L4xx_HAL_Driver/Src/stm32l4xx_hal_i2c.o
 .text.I2C_Enable_IRQ
                0x00000000080050c4       0xd4 ./Drivers/STM32L4xx_HAL_Driver/Src/stm32l4xx_hal_i2c.o
 .text.I2C_Disable_IRQ
                0x0000000008005198       0xbc ./Drivers/STM32L4xx_HAL_Driver/Src/stm32l4xx_hal_i2c.o
 .text.HAL_I2CEx_ConfigAnalogFilter
                0x0000000008005254       0x96 ./Drivers/STM32L4xx_HAL_Driver/Src/stm32l4xx_hal_i2c_ex.o
                0x0000000008005254                HAL_I2CEx_ConfigAnalogFilter
 .text.HAL_I2CEx_ConfigDigitalFilter
                0x00000000080052ea       0x98 ./Drivers/STM32L4xx_HAL_Driver/Src/stm32l4xx_hal_i2c_ex.o
                0x00000000080052ea                HAL_I2CEx_ConfigDigitalFilter
 *fill*         0x0000000008005382        0x2 
 .text.HAL_PWREx_GetVoltageRange
                0x0000000008005384       0x1c ./Drivers/STM32L4xx_HAL_Driver/Src/stm32l4xx_hal_pwr_ex.o
                0x0000000008005384                HAL_PWREx_GetVoltageRange
 .text.HAL_PWREx_ControlVoltageScaling
                0x00000000080053a0       0xac ./Drivers/STM32L4xx_HAL_Driver/Src/stm32l4xx_hal_pwr_ex.o
                0x00000000080053a0                HAL_PWREx_ControlVoltageScaling
 .text.HAL_RCC_OscConfig
                0x000000000800544c      0x7b8 ./Drivers/STM32L4xx_HAL_Driver/Src/stm32l4xx_hal_rcc.o
                0x000000000800544c                HAL_RCC_OscConfig
 .text.HAL_RCC_ClockConfig
                0x0000000008005c04      0x200 ./Drivers/STM32L4xx_HAL_Driver/Src/stm32l4xx_hal_rcc.o
                0x0000000008005c04                HAL_RCC_ClockConfig
 .text.HAL_RCC_GetSysClockFreq
                0x0000000008005e04      0x118 ./Drivers/STM32L4xx_HAL_Driver/Src/stm32l4xx_hal_rcc.o
                0x0000000008005e04                HAL_RCC_GetSysClockFreq
 .text.HAL_RCC_GetHCLKFreq
                0x0000000008005f1c       0x18 ./Drivers/STM32L4xx_HAL_Driver/Src/stm32l4xx_hal_rcc.o
                0x0000000008005f1c                HAL_RCC_GetHCLKFreq
 .text.HAL_RCC_GetPCLK1Freq
                0x0000000008005f34       0x2c ./Drivers/STM32L4xx_HAL_Driver/Src/stm32l4xx_hal_rcc.o
                0x0000000008005f34                HAL_RCC_GetPCLK1Freq
 .text.HAL_RCC_GetPCLK2Freq
                0x0000000008005f60       0x2c ./Drivers/STM32L4xx_HAL_Driver/Src/stm32l4xx_hal_rcc.o
                0x0000000008005f60                HAL_RCC_GetPCLK2Freq
 .text.RCC_SetFlashLatencyFromMSIRange
                0x0000000008005f8c       0xc0 ./Drivers/STM32L4xx_HAL_Driver/Src/stm32l4xx_hal_rcc.o
 .text.HAL_RCCEx_PeriphCLKConfig
                0x000000000800604c      0x5d4 ./Drivers/STM32L4xx_HAL_Driver/Src/stm32l4xx_hal_rcc_ex.o
                0x000000000800604c                HAL_RCCEx_PeriphCLKConfig
 .text.RCCEx_PLLSAI1_Config
                0x0000000008006620      0x1e8 ./Drivers/STM32L4xx_HAL_Driver/Src/stm32l4xx_hal_rcc_ex.o
 .text.RCCEx_PLLSAI2_Config
                0x0000000008006808      0x1bc ./Drivers/STM32L4xx_HAL_Driver/Src/stm32l4xx_hal_rcc_ex.o
 .text.HAL_UART_Init
                0x00000000080069c4       0x9c ./Drivers/STM32L4xx_HAL_Driver/Src/stm32l4xx_hal_uart.o
                0x00000000080069c4                HAL_UART_Init
 .text.UART_SetConfig
                0x0000000008006a60      0x570 ./Drivers/STM32L4xx_HAL_Driver/Src/stm32l4xx_hal_uart.o
                0x0000000008006a60                UART_SetConfig
 .text.UART_AdvFeatureConfig
                0x0000000008006fd0      0x144 ./Drivers/STM32L4xx_HAL_Driver/Src/stm32l4xx_hal_uart.o
                0x0000000008006fd0                UART_AdvFeatureConfig
 .text.UART_CheckIdleState
                0x0000000008007114       0x92 ./Drivers/STM32L4xx_HAL_Driver/Src/stm32l4xx_hal_uart.o
                0x0000000008007114                UART_CheckIdleState
 .text.UART_WaitOnFlagUntilTimeout
                0x00000000080071a6      0x188 ./Drivers/STM32L4xx_HAL_Driver/Src/stm32l4xx_hal_uart.o
                0x00000000080071a6                UART_WaitOnFlagUntilTimeout
 *fill*         0x000000000800732e        0x2 
 .text.__errno  0x0000000008007330        0xc d:/stm32/stm32cubeide_1.10.1/stm32cubeide/plugins/com.st.stm32cube.ide.mcu.externaltools.gnu-tools-for-stm32.10.3-2021.10.win32_1.0.0.202111181127/tools/bin/../lib/gcc/arm-none-eabi/10.3.1/../../../../arm-none-eabi/lib/thumb/v7e-m+fp/hard\libc_nano.a(lib_a-errno.o)
                0x0000000008007330                __errno
 .text.__libc_init_array
                0x000000000800733c       0x48 d:/stm32/stm32cubeide_1.10.1/stm32cubeide/plugins/com.st.stm32cube.ide.mcu.externaltools.gnu-tools-for-stm32.10.3-2021.10.win32_1.0.0.202111181127/tools/bin/../lib/gcc/arm-none-eabi/10.3.1/../../../../arm-none-eabi/lib/thumb/v7e-m+fp/hard\libc_nano.a(lib_a-init.o)
                0x000000000800733c                __libc_init_array
 .text.malloc   0x0000000008007384       0x10 d:/stm32/stm32cubeide_1.10.1/stm32cubeide/plugins/com.st.stm32cube.ide.mcu.externaltools.gnu-tools-for-stm32.10.3-2021.10.win32_1.0.0.202111181127/tools/bin/../lib/gcc/arm-none-eabi/10.3.1/../../../../arm-none-eabi/lib/thumb/v7e-m+fp/hard\libc_nano.a(lib_a-malloc.o)
                0x0000000008007384                malloc
 .text.memset   0x0000000008007394       0x10 d:/stm32/stm32cubeide_1.10.1/stm32cubeide/plugins/com.st.stm32cube.ide.mcu.externaltools.gnu-tools-for-stm32.10.3-2021.10.win32_1.0.0.202111181127/tools/bin/../lib/gcc/arm-none-eabi/10.3.1/../../../../arm-none-eabi/lib/thumb/v7e-m+fp/hard\libc_nano.a(lib_a-memset.o)
                0x0000000008007394                memset
 .text.sbrk_aligned
                0x00000000080073a4       0x40 d:/stm32/stm32cubeide_1.10.1/stm32cubeide/plugins/com.st.stm32cube.ide.mcu.externaltools.gnu-tools-for-stm32.10.3-2021.10.win32_1.0.0.202111181127/tools/bin/../lib/gcc/arm-none-eabi/10.3.1/../../../../arm-none-eabi/lib/thumb/v7e-m+fp/hard\libc_nano.a(lib_a-nano-mallocr.o)
 .text._malloc_r
                0x00000000080073e4       0xe8 d:/stm32/stm32cubeide_1.10.1/stm32cubeide/plugins/com.st.stm32cube.ide.mcu.externaltools.gnu-tools-for-stm32.10.3-2021.10.win32_1.0.0.202111181127/tools/bin/../lib/gcc/arm-none-eabi/10.3.1/../../../../arm-none-eabi/lib/thumb/v7e-m+fp/hard\libc_nano.a(lib_a-nano-mallocr.o)
                0x00000000080073e4                _malloc_r
 .text._sbrk_r  0x00000000080074cc       0x20 d:/stm32/stm32cubeide_1.10.1/stm32cubeide/plugins/com.st.stm32cube.ide.mcu.externaltools.gnu-tools-for-stm32.10.3-2021.10.win32_1.0.0.202111181127/tools/bin/../lib/gcc/arm-none-eabi/10.3.1/../../../../arm-none-eabi/lib/thumb/v7e-m+fp/hard\libc_nano.a(lib_a-sbrkr.o)
                0x00000000080074cc                _sbrk_r
 .text.__malloc_lock
                0x00000000080074ec        0xc d:/stm32/stm32cubeide_1.10.1/stm32cubeide/plugins/com.st.stm32cube.ide.mcu.externaltools.gnu-tools-for-stm32.10.3-2021.10.win32_1.0.0.202111181127/tools/bin/../lib/gcc/arm-none-eabi/10.3.1/../../../../arm-none-eabi/lib/thumb/v7e-m+fp/hard\libc_nano.a(lib_a-mlock.o)
                0x00000000080074ec                __malloc_lock
 .text.__malloc_unlock
                0x00000000080074f8        0xc d:/stm32/stm32cubeide_1.10.1/stm32cubeide/plugins/com.st.stm32cube.ide.mcu.externaltools.gnu-tools-for-stm32.10.3-2021.10.win32_1.0.0.202111181127/tools/bin/../lib/gcc/arm-none-eabi/10.3.1/../../../../arm-none-eabi/lib/thumb/v7e-m+fp/hard\libc_nano.a(lib_a-mlock.o)
                0x00000000080074f8                __malloc_unlock
 .text.__retarget_lock_acquire_recursive
                0x0000000008007504        0x2 d:/stm32/stm32cubeide_1.10.1/stm32cubeide/plugins/com.st.stm32cube.ide.mcu.externaltools.gnu-tools-for-stm32.10.3-2021.10.win32_1.0.0.202111181127/tools/bin/../lib/gcc/arm-none-eabi/10.3.1/../../../../arm-none-eabi/lib/thumb/v7e-m+fp/hard\libc_nano.a(lib_a-lock.o)
                0x0000000008007504                __retarget_lock_acquire_recursive
 .text.__retarget_lock_release_recursive
                0x0000000008007506        0x2 d:/stm32/stm32cubeide_1.10.1/stm32cubeide/plugins/com.st.stm32cube.ide.mcu.externaltools.gnu-tools-for-stm32.10.3-2021.10.win32_1.0.0.202111181127/tools/bin/../lib/gcc/arm-none-eabi/10.3.1/../../../../arm-none-eabi/lib/thumb/v7e-m+fp/hard\libc_nano.a(lib_a-lock.o)
                0x0000000008007506                __retarget_lock_release_recursive
 *(.glue_7)
 .glue_7        0x0000000008007508        0x0 linker stubs
 *(.glue_7t)
 .glue_7t       0x0000000008007508        0x0 linker stubs
 *(.eh_frame)
 .eh_frame      0x0000000008007508        0x0 d:/stm32/stm32cubeide_1.10.1/stm32cubeide/plugins/com.st.stm32cube.ide.mcu.externaltools.gnu-tools-for-stm32.10.3-2021.10.win32_1.0.0.202111181127/tools/bin/../lib/gcc/arm-none-eabi/10.3.1/thumb/v7e-m+fp/hard/crtbegin.o
 *(.init)
 .init          0x0000000008007508        0x4 d:/stm32/stm32cubeide_1.10.1/stm32cubeide/plugins/com.st.stm32cube.ide.mcu.externaltools.gnu-tools-for-stm32.10.3-2021.10.win32_1.0.0.202111181127/tools/bin/../lib/gcc/arm-none-eabi/10.3.1/thumb/v7e-m+fp/hard/crti.o
                0x0000000008007508                _init
 .init          0x000000000800750c        0x8 d:/stm32/stm32cubeide_1.10.1/stm32cubeide/plugins/com.st.stm32cube.ide.mcu.externaltools.gnu-tools-for-stm32.10.3-2021.10.win32_1.0.0.202111181127/tools/bin/../lib/gcc/arm-none-eabi/10.3.1/thumb/v7e-m+fp/hard/crtn.o
 *(.fini)
 .fini          0x0000000008007514        0x4 d:/stm32/stm32cubeide_1.10.1/stm32cubeide/plugins/com.st.stm32cube.ide.mcu.externaltools.gnu-tools-for-stm32.10.3-2021.10.win32_1.0.0.202111181127/tools/bin/../lib/gcc/arm-none-eabi/10.3.1/thumb/v7e-m+fp/hard/crti.o
                0x0000000008007514                _fini
 .fini          0x0000000008007518        0x8 d:/stm32/stm32cubeide_1.10.1/stm32cubeide/plugins/com.st.stm32cube.ide.mcu.externaltools.gnu-tools-for-stm32.10.3-2021.10.win32_1.0.0.202111181127/tools/bin/../lib/gcc/arm-none-eabi/10.3.1/thumb/v7e-m+fp/hard/crtn.o
                0x0000000008007520                . = ALIGN (0x4)
                0x0000000008007520                _etext = .

.vfp11_veneer   0x0000000008007520        0x0
 .vfp11_veneer  0x0000000008007520        0x0 linker stubs

.v4_bx          0x0000000008007520        0x0
 .v4_bx         0x0000000008007520        0x0 linker stubs

.iplt           0x0000000008007520        0x0
 .iplt          0x0000000008007520        0x0 d:/stm32/stm32cubeide_1.10.1/stm32cubeide/plugins/com.st.stm32cube.ide.mcu.externaltools.gnu-tools-for-stm32.10.3-2021.10.win32_1.0.0.202111181127/tools/bin/../lib/gcc/arm-none-eabi/10.3.1/thumb/v7e-m+fp/hard/crtbegin.o

.rodata         0x0000000008007520      0x564
                0x0000000008007520                . = ALIGN (0x4)
 *(.rodata)
 .rodata        0x0000000008007520        0xa ./Core/Src/main.o
 *(.rodata*)
 *fill*         0x000000000800752a        0x2 
 .rodata.font   0x000000000800752c      0x500 ./Core/Src/GFX.o
 .rodata.premask.1
                0x0000000008007a2c        0x8 ./Core/Src/SSD1306.o
 .rodata.postmask.0
                0x0000000008007a34        0x8 ./Core/Src/SSD1306.o
 .rodata.AHBPrescTable
                0x0000000008007a3c       0x10 ./Core/Src/system_stm32l4xx.o
                0x0000000008007a3c                AHBPrescTable
 .rodata.APBPrescTable
                0x0000000008007a4c        0x8 ./Core/Src/system_stm32l4xx.o
                0x0000000008007a4c                APBPrescTable
 .rodata.MSIRangeTable
                0x0000000008007a54       0x30 ./Core/Src/system_stm32l4xx.o
                0x0000000008007a54                MSIRangeTable
                0x0000000008007a84                . = ALIGN (0x4)

.ARM.extab      0x0000000008007a84        0x0
                0x0000000008007a84                . = ALIGN (0x4)
 *(.ARM.extab* .gnu.linkonce.armextab.*)
                0x0000000008007a84                . = ALIGN (0x4)

.ARM            0x0000000008007a84        0x8
                0x0000000008007a84                . = ALIGN (0x4)
                0x0000000008007a84                __exidx_start = .
 *(.ARM.exidx*)
 .ARM.exidx     0x0000000008007a84        0x8 d:/stm32/stm32cubeide_1.10.1/stm32cubeide/plugins/com.st.stm32cube.ide.mcu.externaltools.gnu-tools-for-stm32.10.3-2021.10.win32_1.0.0.202111181127/tools/bin/../lib/gcc/arm-none-eabi/10.3.1/thumb/v7e-m+fp/hard\libgcc.a(_udivmoddi4.o)
                0x0000000008007a8c                __exidx_end = .
                0x0000000008007a8c                . = ALIGN (0x4)

.rel.dyn        0x0000000008007a8c        0x0
 .rel.iplt      0x0000000008007a8c        0x0 d:/stm32/stm32cubeide_1.10.1/stm32cubeide/plugins/com.st.stm32cube.ide.mcu.externaltools.gnu-tools-for-stm32.10.3-2021.10.win32_1.0.0.202111181127/tools/bin/../lib/gcc/arm-none-eabi/10.3.1/thumb/v7e-m+fp/hard/crtbegin.o

.preinit_array  0x0000000008007a8c        0x0
                0x0000000008007a8c                . = ALIGN (0x4)
                0x0000000008007a8c                PROVIDE (__preinit_array_start = .)
 *(.preinit_array*)
                0x0000000008007a8c                PROVIDE (__preinit_array_end = .)
                0x0000000008007a8c                . = ALIGN (0x4)

.init_array     0x0000000008007a8c        0x4
                0x0000000008007a8c                . = ALIGN (0x4)
                0x0000000008007a8c                PROVIDE (__init_array_start = .)
 *(SORT_BY_NAME(.init_array.*))
 *(.init_array*)
 .init_array    0x0000000008007a8c        0x4 d:/stm32/stm32cubeide_1.10.1/stm32cubeide/plugins/com.st.stm32cube.ide.mcu.externaltools.gnu-tools-for-stm32.10.3-2021.10.win32_1.0.0.202111181127/tools/bin/../lib/gcc/arm-none-eabi/10.3.1/thumb/v7e-m+fp/hard/crtbegin.o
                0x0000000008007a90                PROVIDE (__init_array_end = .)
                0x0000000008007a90                . = ALIGN (0x4)

.fini_array     0x0000000008007a90        0x4
                0x0000000008007a90                . = ALIGN (0x4)
                [!provide]                        PROVIDE (__fini_array_start = .)
 *(SORT_BY_NAME(.fini_array.*))
 *(.fini_array*)
 .fini_array    0x0000000008007a90        0x4 d:/stm32/stm32cubeide_1.10.1/stm32cubeide/plugins/com.st.stm32cube.ide.mcu.externaltools.gnu-tools-for-stm32.10.3-2021.10.win32_1.0.0.202111181127/tools/bin/../lib/gcc/arm-none-eabi/10.3.1/thumb/v7e-m+fp/hard/crtbegin.o
                [!provide]                        PROVIDE (__fini_array_end = .)
                0x0000000008007a94                . = ALIGN (0x4)
                0x0000000008007a94                _sidata = LOADADDR (.data)

.data           0x0000000020000000       0x74 load address 0x0000000008007a94
                0x0000000020000000                . = ALIGN (0x4)
                0x0000000020000000                _sdata = .
 *(.data)
 *(.data*)
 .data.x        0x0000000020000000        0x2 ./Core/Src/main.o
                0x0000000020000000                x
 .data.y        0x0000000020000002        0x2 ./Core/Src/main.o
                0x0000000020000002                y
 .data.SystemCoreClock
                0x0000000020000004        0x4 ./Core/Src/system_stm32l4xx.o
                0x0000000020000004                SystemCoreClock
 .data.uwTickPrio
                0x0000000020000008        0x4 ./Drivers/STM32L4xx_HAL_Driver/Src/stm32l4xx_hal.o
                0x0000000020000008                uwTickPrio
 .data.uwTickFreq
                0x000000002000000c        0x1 ./Drivers/STM32L4xx_HAL_Driver/Src/stm32l4xx_hal.o
                0x000000002000000c                uwTickFreq
 *fill*         0x000000002000000d        0x3 
 .data._impure_ptr
                0x0000000020000010        0x4 d:/stm32/stm32cubeide_1.10.1/stm32cubeide/plugins/com.st.stm32cube.ide.mcu.externaltools.gnu-tools-for-stm32.10.3-2021.10.win32_1.0.0.202111181127/tools/bin/../lib/gcc/arm-none-eabi/10.3.1/../../../../arm-none-eabi/lib/thumb/v7e-m+fp/hard\libc_nano.a(lib_a-impure.o)
                0x0000000020000010                _impure_ptr
 .data.impure_data
                0x0000000020000014       0x60 d:/stm32/stm32cubeide_1.10.1/stm32cubeide/plugins/com.st.stm32cube.ide.mcu.externaltools.gnu-tools-for-stm32.10.3-2021.10.win32_1.0.0.202111181127/tools/bin/../lib/gcc/arm-none-eabi/10.3.1/../../../../arm-none-eabi/lib/thumb/v7e-m+fp/hard\libc_nano.a(lib_a-impure.o)
 *(.RamFunc)
 *(.RamFunc*)
                0x0000000020000074                . = ALIGN (0x4)
                0x0000000020000074                _edata = .

.igot.plt       0x0000000020000074        0x0 load address 0x0000000008007b08
 .igot.plt      0x0000000020000074        0x0 d:/stm32/stm32cubeide_1.10.1/stm32cubeide/plugins/com.st.stm32cube.ide.mcu.externaltools.gnu-tools-for-stm32.10.3-2021.10.win32_1.0.0.202111181127/tools/bin/../lib/gcc/arm-none-eabi/10.3.1/thumb/v7e-m+fp/hard/crtbegin.o
                0x0000000020000074                . = ALIGN (0x4)

.bss            0x0000000020000074      0x208 load address 0x0000000008007b08
                0x0000000020000074                _sbss = .
                0x0000000020000074                __bss_start__ = _sbss
 *(.bss)
 .bss           0x0000000020000074       0x1c d:/stm32/stm32cubeide_1.10.1/stm32cubeide/plugins/com.st.stm32cube.ide.mcu.externaltools.gnu-tools-for-stm32.10.3-2021.10.win32_1.0.0.202111181127/tools/bin/../lib/gcc/arm-none-eabi/10.3.1/thumb/v7e-m+fp/hard/crtbegin.o
 *(.bss*)
 .bss.buffer    0x0000000020000090        0x4 ./Core/Src/SSD1306.o
 .bss.rotation  0x0000000020000094        0x1 ./Core/Src/SSD1306.o
 *fill*         0x0000000020000095        0x3 
 .bss.hadc1     0x0000000020000098       0x64 ./Core/Src/adc.o
                0x0000000020000098                hadc1
 .bss.hdma_adc1
                0x00000000200000fc       0x48 ./Core/Src/adc.o
                0x00000000200000fc                hdma_adc1
 .bss.hi2c1     0x0000000020000144       0x54 ./Core/Src/i2c.o
                0x0000000020000144                hi2c1
 .bss.hdma_i2c1_tx
                0x0000000020000198       0x48 ./Core/Src/i2c.o
                0x0000000020000198                hdma_i2c1_tx
 .bss.__sbrk_heap_end
                0x00000000200001e0        0x4 ./Core/Src/sysmem.o
 .bss.huart2    0x00000000200001e4       0x84 ./Core/Src/usart.o
                0x00000000200001e4                huart2
 .bss.uwTick    0x0000000020000268        0x4 ./Drivers/STM32L4xx_HAL_Driver/Src/stm32l4xx_hal.o
                0x0000000020000268                uwTick
 .bss.__malloc_free_list
                0x000000002000026c        0x4 d:/stm32/stm32cubeide_1.10.1/stm32cubeide/plugins/com.st.stm32cube.ide.mcu.externaltools.gnu-tools-for-stm32.10.3-2021.10.win32_1.0.0.202111181127/tools/bin/../lib/gcc/arm-none-eabi/10.3.1/../../../../arm-none-eabi/lib/thumb/v7e-m+fp/hard\libc_nano.a(lib_a-nano-mallocr.o)
                0x000000002000026c                __malloc_free_list
 .bss.__malloc_sbrk_start
                0x0000000020000270        0x4 d:/stm32/stm32cubeide_1.10.1/stm32cubeide/plugins/com.st.stm32cube.ide.mcu.externaltools.gnu-tools-for-stm32.10.3-2021.10.win32_1.0.0.202111181127/tools/bin/../lib/gcc/arm-none-eabi/10.3.1/../../../../arm-none-eabi/lib/thumb/v7e-m+fp/hard\libc_nano.a(lib_a-nano-mallocr.o)
                0x0000000020000270                __malloc_sbrk_start
 .bss.errno     0x0000000020000274        0x4 d:/stm32/stm32cubeide_1.10.1/stm32cubeide/plugins/com.st.stm32cube.ide.mcu.externaltools.gnu-tools-for-stm32.10.3-2021.10.win32_1.0.0.202111181127/tools/bin/../lib/gcc/arm-none-eabi/10.3.1/../../../../arm-none-eabi/lib/thumb/v7e-m+fp/hard\libc_nano.a(lib_a-reent.o)
                0x0000000020000274                errno
 .bss.__lock___malloc_recursive_mutex
                0x0000000020000278        0x1 d:/stm32/stm32cubeide_1.10.1/stm32cubeide/plugins/com.st.stm32cube.ide.mcu.externaltools.gnu-tools-for-stm32.10.3-2021.10.win32_1.0.0.202111181127/tools/bin/../lib/gcc/arm-none-eabi/10.3.1/../../../../arm-none-eabi/lib/thumb/v7e-m+fp/hard\libc_nano.a(lib_a-lock.o)
                0x0000000020000278                __lock___malloc_recursive_mutex
 *(COMMON)
                0x000000002000027c                . = ALIGN (0x4)
 *fill*         0x0000000020000279        0x3 
                0x000000002000027c                _ebss = .
                0x000000002000027c                __bss_end__ = _ebss

._user_heap_stack
                0x000000002000027c      0x604 load address 0x0000000008007b08
                0x0000000020000280                . = ALIGN (0x8)
 *fill*         0x000000002000027c        0x4 
                [!provide]                        PROVIDE (end = .)
                0x0000000020000280                PROVIDE (_end = .)
                0x0000000020000480                . = (. + _Min_Heap_Size)
 *fill*         0x0000000020000280      0x200 
                0x0000000020000880                . = (. + _Min_Stack_Size)
 *fill*         0x0000000020000480      0x400 
                0x0000000020000880                . = ALIGN (0x8)

/DISCARD/
 libc.a(*)
 libm.a(*)
 libgcc.a(*)

.ARM.attributes
                0x0000000000000000       0x30
 *(.ARM.attributes)
 .ARM.attributes
                0x0000000000000000       0x1e d:/stm32/stm32cubeide_1.10.1/stm32cubeide/plugins/com.st.stm32cube.ide.mcu.externaltools.gnu-tools-for-stm32.10.3-2021.10.win32_1.0.0.202111181127/tools/bin/../lib/gcc/arm-none-eabi/10.3.1/thumb/v7e-m+fp/hard/crti.o
 .ARM.attributes
                0x000000000000001e       0x34 d:/stm32/stm32cubeide_1.10.1/stm32cubeide/plugins/com.st.stm32cube.ide.mcu.externaltools.gnu-tools-for-stm32.10.3-2021.10.win32_1.0.0.202111181127/tools/bin/../lib/gcc/arm-none-eabi/10.3.1/thumb/v7e-m+fp/hard/crtbegin.o
 .ARM.attributes
                0x0000000000000052       0x34 ./Core/Src/GFX.o
 .ARM.attributes
                0x0000000000000086       0x34 ./Core/Src/SSD1306.o
 .ARM.attributes
                0x00000000000000ba       0x34 ./Core/Src/adc.o
 .ARM.attributes
                0x00000000000000ee       0x34 ./Core/Src/dma.o
 .ARM.attributes
                0x0000000000000122       0x34 ./Core/Src/gpio.o
 .ARM.attributes
                0x0000000000000156       0x34 ./Core/Src/i2c.o
 .ARM.attributes
                0x000000000000018a       0x34 ./Core/Src/main.o
 .ARM.attributes
                0x00000000000001be       0x34 ./Core/Src/stm32l4xx_hal_msp.o
 .ARM.attributes
                0x00000000000001f2       0x34 ./Core/Src/stm32l4xx_it.o
 .ARM.attributes
                0x0000000000000226       0x34 ./Core/Src/sysmem.o
 .ARM.attributes
                0x000000000000025a       0x34 ./Core/Src/system_stm32l4xx.o
 .ARM.attributes
                0x000000000000028e       0x34 ./Core/Src/usart.o
 .ARM.attributes
                0x00000000000002c2       0x21 ./Core/Startup/startup_stm32l476rgtx.o
 .ARM.attributes
                0x00000000000002e3       0x34 ./Drivers/STM32L4xx_HAL_Driver/Src/stm32l4xx_hal.o
 .ARM.attributes
                0x0000000000000317       0x34 ./Drivers/STM32L4xx_HAL_Driver/Src/stm32l4xx_hal_adc.o
 .ARM.attributes
                0x000000000000034b       0x34 ./Drivers/STM32L4xx_HAL_Driver/Src/stm32l4xx_hal_adc_ex.o
 .ARM.attributes
                0x000000000000037f       0x34 ./Drivers/STM32L4xx_HAL_Driver/Src/stm32l4xx_hal_cortex.o
 .ARM.attributes
                0x00000000000003b3       0x34 ./Drivers/STM32L4xx_HAL_Driver/Src/stm32l4xx_hal_dma.o
 .ARM.attributes
                0x00000000000003e7       0x34 ./Drivers/STM32L4xx_HAL_Driver/Src/stm32l4xx_hal_gpio.o
 .ARM.attributes
                0x000000000000041b       0x34 ./Drivers/STM32L4xx_HAL_Driver/Src/stm32l4xx_hal_i2c.o
 .ARM.attributes
                0x000000000000044f       0x34 ./Drivers/STM32L4xx_HAL_Driver/Src/stm32l4xx_hal_i2c_ex.o
 .ARM.attributes
                0x0000000000000483       0x34 ./Drivers/STM32L4xx_HAL_Driver/Src/stm32l4xx_hal_pwr_ex.o
 .ARM.attributes
                0x00000000000004b7       0x34 ./Drivers/STM32L4xx_HAL_Driver/Src/stm32l4xx_hal_rcc.o
 .ARM.attributes
                0x00000000000004eb       0x34 ./Drivers/STM32L4xx_HAL_Driver/Src/stm32l4xx_hal_rcc_ex.o
 .ARM.attributes
                0x000000000000051f       0x34 ./Drivers/STM32L4xx_HAL_Driver/Src/stm32l4xx_hal_uart.o
 .ARM.attributes
                0x0000000000000553       0x34 d:/stm32/stm32cubeide_1.10.1/stm32cubeide/plugins/com.st.stm32cube.ide.mcu.externaltools.gnu-tools-for-stm32.10.3-2021.10.win32_1.0.0.202111181127/tools/bin/../lib/gcc/arm-none-eabi/10.3.1/../../../../arm-none-eabi/lib/thumb/v7e-m+fp/hard\libc_nano.a(lib_a-errno.o)
 .ARM.attributes
                0x0000000000000587       0x34 d:/stm32/stm32cubeide_1.10.1/stm32cubeide/plugins/com.st.stm32cube.ide.mcu.externaltools.gnu-tools-for-stm32.10.3-2021.10.win32_1.0.0.202111181127/tools/bin/../lib/gcc/arm-none-eabi/10.3.1/../../../../arm-none-eabi/lib/thumb/v7e-m+fp/hard\libc_nano.a(lib_a-impure.o)
 .ARM.attributes
                0x00000000000005bb       0x34 d:/stm32/stm32cubeide_1.10.1/stm32cubeide/plugins/com.st.stm32cube.ide.mcu.externaltools.gnu-tools-for-stm32.10.3-2021.10.win32_1.0.0.202111181127/tools/bin/../lib/gcc/arm-none-eabi/10.3.1/../../../../arm-none-eabi/lib/thumb/v7e-m+fp/hard\libc_nano.a(lib_a-init.o)
 .ARM.attributes
                0x00000000000005ef       0x34 d:/stm32/stm32cubeide_1.10.1/stm32cubeide/plugins/com.st.stm32cube.ide.mcu.externaltools.gnu-tools-for-stm32.10.3-2021.10.win32_1.0.0.202111181127/tools/bin/../lib/gcc/arm-none-eabi/10.3.1/../../../../arm-none-eabi/lib/thumb/v7e-m+fp/hard\libc_nano.a(lib_a-malloc.o)
 .ARM.attributes
                0x0000000000000623       0x34 d:/stm32/stm32cubeide_1.10.1/stm32cubeide/plugins/com.st.stm32cube.ide.mcu.externaltools.gnu-tools-for-stm32.10.3-2021.10.win32_1.0.0.202111181127/tools/bin/../lib/gcc/arm-none-eabi/10.3.1/../../../../arm-none-eabi/lib/thumb/v7e-m+fp/hard\libc_nano.a(lib_a-memset.o)
 .ARM.attributes
                0x0000000000000657       0x34 d:/stm32/stm32cubeide_1.10.1/stm32cubeide/plugins/com.st.stm32cube.ide.mcu.externaltools.gnu-tools-for-stm32.10.3-2021.10.win32_1.0.0.202111181127/tools/bin/../lib/gcc/arm-none-eabi/10.3.1/../../../../arm-none-eabi/lib/thumb/v7e-m+fp/hard\libc_nano.a(lib_a-nano-mallocr.o)
 .ARM.attributes
                0x000000000000068b       0x34 d:/stm32/stm32cubeide_1.10.1/stm32cubeide/plugins/com.st.stm32cube.ide.mcu.externaltools.gnu-tools-for-stm32.10.3-2021.10.win32_1.0.0.202111181127/tools/bin/../lib/gcc/arm-none-eabi/10.3.1/../../../../arm-none-eabi/lib/thumb/v7e-m+fp/hard\libc_nano.a(lib_a-sbrkr.o)
 .ARM.attributes
                0x00000000000006bf       0x34 d:/stm32/stm32cubeide_1.10.1/stm32cubeide/plugins/com.st.stm32cube.ide.mcu.externaltools.gnu-tools-for-stm32.10.3-2021.10.win32_1.0.0.202111181127/tools/bin/../lib/gcc/arm-none-eabi/10.3.1/../../../../arm-none-eabi/lib/thumb/v7e-m+fp/hard\libc_nano.a(lib_a-mlock.o)
 .ARM.attributes
                0x00000000000006f3       0x34 d:/stm32/stm32cubeide_1.10.1/stm32cubeide/plugins/com.st.stm32cube.ide.mcu.externaltools.gnu-tools-for-stm32.10.3-2021.10.win32_1.0.0.202111181127/tools/bin/../lib/gcc/arm-none-eabi/10.3.1/../../../../arm-none-eabi/lib/thumb/v7e-m+fp/hard\libc_nano.a(lib_a-reent.o)
 .ARM.attributes
                0x0000000000000727       0x34 d:/stm32/stm32cubeide_1.10.1/stm32cubeide/plugins/com.st.stm32cube.ide.mcu.externaltools.gnu-tools-for-stm32.10.3-2021.10.win32_1.0.0.202111181127/tools/bin/../lib/gcc/arm-none-eabi/10.3.1/../../../../arm-none-eabi/lib/thumb/v7e-m+fp/hard\libc_nano.a(lib_a-lock.o)
 .ARM.attributes
                0x000000000000075b       0x1e d:/stm32/stm32cubeide_1.10.1/stm32cubeide/plugins/com.st.stm32cube.ide.mcu.externaltools.gnu-tools-for-stm32.10.3-2021.10.win32_1.0.0.202111181127/tools/bin/../lib/gcc/arm-none-eabi/10.3.1/thumb/v7e-m+fp/hard\libgcc.a(_aeabi_uldivmod.o)
 .ARM.attributes
                0x0000000000000779       0x34 d:/stm32/stm32cubeide_1.10.1/stm32cubeide/plugins/com.st.stm32cube.ide.mcu.externaltools.gnu-tools-for-stm32.10.3-2021.10.win32_1.0.0.202111181127/tools/bin/../lib/gcc/arm-none-eabi/10.3.1/thumb/v7e-m+fp/hard\libgcc.a(_udivmoddi4.o)
 .ARM.attributes
                0x00000000000007ad       0x1e d:/stm32/stm32cubeide_1.10.1/stm32cubeide/plugins/com.st.stm32cube.ide.mcu.externaltools.gnu-tools-for-stm32.10.3-2021.10.win32_1.0.0.202111181127/tools/bin/../lib/gcc/arm-none-eabi/10.3.1/thumb/v7e-m+fp/hard\libgcc.a(_dvmd_tls.o)
 .ARM.attributes
                0x00000000000007cb       0x1e d:/stm32/stm32cubeide_1.10.1/stm32cubeide/plugins/com.st.stm32cube.ide.mcu.externaltools.gnu-tools-for-stm32.10.3-2021.10.win32_1.0.0.202111181127/tools/bin/../lib/gcc/arm-none-eabi/10.3.1/thumb/v7e-m+fp/hard/crtn.o
OUTPUT(oled.elf elf32-littlearm)
LOAD linker stubs
LOAD d:/stm32/stm32cubeide_1.10.1/stm32cubeide/plugins/com.st.stm32cube.ide.mcu.externaltools.gnu-tools-for-stm32.10.3-2021.10.win32_1.0.0.202111181127/tools/bin/../lib/gcc/arm-none-eabi/10.3.1/../../../../arm-none-eabi/lib/thumb/v7e-m+fp/hard\libc.a
LOAD d:/stm32/stm32cubeide_1.10.1/stm32cubeide/plugins/com.st.stm32cube.ide.mcu.externaltools.gnu-tools-for-stm32.10.3-2021.10.win32_1.0.0.202111181127/tools/bin/../lib/gcc/arm-none-eabi/10.3.1/../../../../arm-none-eabi/lib/thumb/v7e-m+fp/hard\libm.a
LOAD d:/stm32/stm32cubeide_1.10.1/stm32cubeide/plugins/com.st.stm32cube.ide.mcu.externaltools.gnu-tools-for-stm32.10.3-2021.10.win32_1.0.0.202111181127/tools/bin/../lib/gcc/arm-none-eabi/10.3.1/thumb/v7e-m+fp/hard\libgcc.a

.debug_info     0x0000000000000000    0x15469
 .debug_info    0x0000000000000000      0x2e5 ./Core/Src/GFX.o
 .debug_info    0x00000000000002e5      0xce0 ./Core/Src/SSD1306.o
 .debug_info    0x0000000000000fc5      0xf24 ./Core/Src/adc.o
 .debug_info    0x0000000000001ee9      0x552 ./Core/Src/dma.o
 .debug_info    0x000000000000243b      0x756 ./Core/Src/gpio.o
 .debug_info    0x0000000000002b91      0xfcf ./Core/Src/i2c.o
 .debug_info    0x0000000000003b60      0x66b ./Core/Src/main.o
 .debug_info    0x00000000000041cb      0x308 ./Core/Src/stm32l4xx_hal_msp.o
 .debug_info    0x00000000000044d3      0x786 ./Core/Src/stm32l4xx_it.o
 .debug_info    0x0000000000004c59      0x171 ./Core/Src/sysmem.o
 .debug_info    0x0000000000004dca      0x5c6 ./Core/Src/system_stm32l4xx.o
 .debug_info    0x0000000000005390      0xd51 ./Core/Src/usart.o
 .debug_info    0x00000000000060e1       0x22 ./Core/Startup/startup_stm32l476rgtx.o
 .debug_info    0x0000000000006103      0xc57 ./Drivers/STM32L4xx_HAL_Driver/Src/stm32l4xx_hal.o
 .debug_info    0x0000000000006d5a     0x1e84 ./Drivers/STM32L4xx_HAL_Driver/Src/stm32l4xx_hal_adc.o
 .debug_info    0x0000000000008bde     0x1beb ./Drivers/STM32L4xx_HAL_Driver/Src/stm32l4xx_hal_adc_ex.o
 .debug_info    0x000000000000a7c9      0xe21 ./Drivers/STM32L4xx_HAL_Driver/Src/stm32l4xx_hal_cortex.o
 .debug_info    0x000000000000b5ea      0x76a ./Drivers/STM32L4xx_HAL_Driver/Src/stm32l4xx_hal_dma.o
 .debug_info    0x000000000000bd54      0x821 ./Drivers/STM32L4xx_HAL_Driver/Src/stm32l4xx_hal_gpio.o
 .debug_info    0x000000000000c575     0x2232 ./Drivers/STM32L4xx_HAL_Driver/Src/stm32l4xx_hal_i2c.o
 .debug_info    0x000000000000e7a7      0xa45 ./Drivers/STM32L4xx_HAL_Driver/Src/stm32l4xx_hal_i2c_ex.o
 .debug_info    0x000000000000f1ec      0x9f0 ./Drivers/STM32L4xx_HAL_Driver/Src/stm32l4xx_hal_pwr_ex.o
 .debug_info    0x000000000000fbdc      0xced ./Drivers/STM32L4xx_HAL_Driver/Src/stm32l4xx_hal_rcc.o
 .debug_info    0x00000000000108c9      0xe92 ./Drivers/STM32L4xx_HAL_Driver/Src/stm32l4xx_hal_rcc_ex.o
 .debug_info    0x000000000001175b     0x3d0e ./Drivers/STM32L4xx_HAL_Driver/Src/stm32l4xx_hal_uart.o

.debug_abbrev   0x0000000000000000     0x2f5d
 .debug_abbrev  0x0000000000000000       0xfd ./Core/Src/GFX.o
 .debug_abbrev  0x00000000000000fd      0x310 ./Core/Src/SSD1306.o
 .debug_abbrev  0x000000000000040d      0x1f3 ./Core/Src/adc.o
 .debug_abbrev  0x0000000000000600       0xf8 ./Core/Src/dma.o
 .debug_abbrev  0x00000000000006f8      0x14f ./Core/Src/gpio.o
 .debug_abbrev  0x0000000000000847      0x21e ./Core/Src/i2c.o
 .debug_abbrev  0x0000000000000a65      0x28f ./Core/Src/main.o
 .debug_abbrev  0x0000000000000cf4       0xc2 ./Core/Src/stm32l4xx_hal_msp.o
 .debug_abbrev  0x0000000000000db6      0x16a ./Core/Src/stm32l4xx_it.o
 .debug_abbrev  0x0000000000000f20       0xbb ./Core/Src/sysmem.o
 .debug_abbrev  0x0000000000000fdb      0x116 ./Core/Src/system_stm32l4xx.o
 .debug_abbrev  0x00000000000010f1      0x1e7 ./Core/Src/usart.o
 .debug_abbrev  0x00000000000012d8       0x12 ./Core/Startup/startup_stm32l476rgtx.o
 .debug_abbrev  0x00000000000012ea      0x23a ./Drivers/STM32L4xx_HAL_Driver/Src/stm32l4xx_hal.o
 .debug_abbrev  0x0000000000001524      0x2bf ./Drivers/STM32L4xx_HAL_Driver/Src/stm32l4xx_hal_adc.o
 .debug_abbrev  0x00000000000017e3      0x2da ./Drivers/STM32L4xx_HAL_Driver/Src/stm32l4xx_hal_adc_ex.o
 .debug_abbrev  0x0000000000001abd      0x316 ./Drivers/STM32L4xx_HAL_Driver/Src/stm32l4xx_hal_cortex.o
 .debug_abbrev  0x0000000000001dd3      0x1d7 ./Drivers/STM32L4xx_HAL_Driver/Src/stm32l4xx_hal_dma.o
 .debug_abbrev  0x0000000000001faa      0x1bb ./Drivers/STM32L4xx_HAL_Driver/Src/stm32l4xx_hal_gpio.o
 .debug_abbrev  0x0000000000002165      0x243 ./Drivers/STM32L4xx_HAL_Driver/Src/stm32l4xx_hal_i2c.o
 .debug_abbrev  0x00000000000023a8      0x1b0 ./Drivers/STM32L4xx_HAL_Driver/Src/stm32l4xx_hal_i2c_ex.o
 .debug_abbrev  0x0000000000002558      0x1f3 ./Drivers/STM32L4xx_HAL_Driver/Src/stm32l4xx_hal_pwr_ex.o
 .debug_abbrev  0x000000000000274b      0x2bd ./Drivers/STM32L4xx_HAL_Driver/Src/stm32l4xx_hal_rcc.o
 .debug_abbrev  0x0000000000002a08      0x299 ./Drivers/STM32L4xx_HAL_Driver/Src/stm32l4xx_hal_rcc_ex.o
 .debug_abbrev  0x0000000000002ca1      0x2bc ./Drivers/STM32L4xx_HAL_Driver/Src/stm32l4xx_hal_uart.o

.debug_aranges  0x0000000000000000     0x11e0
 .debug_aranges
                0x0000000000000000       0x30 ./Core/Src/GFX.o
 .debug_aranges
                0x0000000000000030       0xc8 ./Core/Src/SSD1306.o
 .debug_aranges
                0x00000000000000f8       0x30 ./Core/Src/adc.o
 .debug_aranges
                0x0000000000000128       0x20 ./Core/Src/dma.o
 .debug_aranges
                0x0000000000000148       0x20 ./Core/Src/gpio.o
 .debug_aranges
                0x0000000000000168       0x30 ./Core/Src/i2c.o
 .debug_aranges
                0x0000000000000198       0x60 ./Core/Src/main.o
 .debug_aranges
                0x00000000000001f8       0x20 ./Core/Src/stm32l4xx_hal_msp.o
 .debug_aranges
                0x0000000000000218       0x80 ./Core/Src/stm32l4xx_it.o
 .debug_aranges
                0x0000000000000298       0x20 ./Core/Src/sysmem.o
 .debug_aranges
                0x00000000000002b8       0x28 ./Core/Src/system_stm32l4xx.o
 .debug_aranges
                0x00000000000002e0       0x30 ./Core/Src/usart.o
 .debug_aranges
                0x0000000000000310       0x28 ./Core/Startup/startup_stm32l476rgtx.o
 .debug_aranges
                0x0000000000000338      0x130 ./Drivers/STM32L4xx_HAL_Driver/Src/stm32l4xx_hal.o
 .debug_aranges
                0x0000000000000468      0x220 ./Drivers/STM32L4xx_HAL_Driver/Src/stm32l4xx_hal_adc.o
 .debug_aranges
                0x0000000000000688      0x1a8 ./Drivers/STM32L4xx_HAL_Driver/Src/stm32l4xx_hal_adc_ex.o
 .debug_aranges
                0x0000000000000830      0x118 ./Drivers/STM32L4xx_HAL_Driver/Src/stm32l4xx_hal_cortex.o
 .debug_aranges
                0x0000000000000948       0x80 ./Drivers/STM32L4xx_HAL_Driver/Src/stm32l4xx_hal_dma.o
 .debug_aranges
                0x00000000000009c8       0x58 ./Drivers/STM32L4xx_HAL_Driver/Src/stm32l4xx_hal_gpio.o
 .debug_aranges
                0x0000000000000a20      0x2a0 ./Drivers/STM32L4xx_HAL_Driver/Src/stm32l4xx_hal_i2c.o
 .debug_aranges
                0x0000000000000cc0       0x48 ./Drivers/STM32L4xx_HAL_Driver/Src/stm32l4xx_hal_i2c_ex.o
 .debug_aranges
                0x0000000000000d08      0x160 ./Drivers/STM32L4xx_HAL_Driver/Src/stm32l4xx_hal_pwr_ex.o
 .debug_aranges
                0x0000000000000e68       0x90 ./Drivers/STM32L4xx_HAL_Driver/Src/stm32l4xx_hal_rcc.o
 .debug_aranges
                0x0000000000000ef8       0xc0 ./Drivers/STM32L4xx_HAL_Driver/Src/stm32l4xx_hal_rcc_ex.o
 .debug_aranges
                0x0000000000000fb8      0x228 ./Drivers/STM32L4xx_HAL_Driver/Src/stm32l4xx_hal_uart.o

.debug_ranges   0x0000000000000000     0x1088
 .debug_ranges  0x0000000000000000       0x20 ./Core/Src/GFX.o
 .debug_ranges  0x0000000000000020       0xb8 ./Core/Src/SSD1306.o
 .debug_ranges  0x00000000000000d8       0x20 ./Core/Src/adc.o
 .debug_ranges  0x00000000000000f8       0x10 ./Core/Src/dma.o
 .debug_ranges  0x0000000000000108       0x10 ./Core/Src/gpio.o
 .debug_ranges  0x0000000000000118       0x20 ./Core/Src/i2c.o
 .debug_ranges  0x0000000000000138       0x50 ./Core/Src/main.o
 .debug_ranges  0x0000000000000188       0x10 ./Core/Src/stm32l4xx_hal_msp.o
 .debug_ranges  0x0000000000000198       0x70 ./Core/Src/stm32l4xx_it.o
 .debug_ranges  0x0000000000000208       0x10 ./Core/Src/sysmem.o
 .debug_ranges  0x0000000000000218       0x18 ./Core/Src/system_stm32l4xx.o
 .debug_ranges  0x0000000000000230       0x20 ./Core/Src/usart.o
 .debug_ranges  0x0000000000000250       0x20 ./Core/Startup/startup_stm32l476rgtx.o
 .debug_ranges  0x0000000000000270      0x120 ./Drivers/STM32L4xx_HAL_Driver/Src/stm32l4xx_hal.o
 .debug_ranges  0x0000000000000390      0x210 ./Drivers/STM32L4xx_HAL_Driver/Src/stm32l4xx_hal_adc.o
 .debug_ranges  0x00000000000005a0      0x198 ./Drivers/STM32L4xx_HAL_Driver/Src/stm32l4xx_hal_adc_ex.o
 .debug_ranges  0x0000000000000738      0x108 ./Drivers/STM32L4xx_HAL_Driver/Src/stm32l4xx_hal_cortex.o
 .debug_ranges  0x0000000000000840       0x70 ./Drivers/STM32L4xx_HAL_Driver/Src/stm32l4xx_hal_dma.o
 .debug_ranges  0x00000000000008b0       0x48 ./Drivers/STM32L4xx_HAL_Driver/Src/stm32l4xx_hal_gpio.o
 .debug_ranges  0x00000000000008f8      0x290 ./Drivers/STM32L4xx_HAL_Driver/Src/stm32l4xx_hal_i2c.o
 .debug_ranges  0x0000000000000b88       0x38 ./Drivers/STM32L4xx_HAL_Driver/Src/stm32l4xx_hal_i2c_ex.o
 .debug_ranges  0x0000000000000bc0      0x150 ./Drivers/STM32L4xx_HAL_Driver/Src/stm32l4xx_hal_pwr_ex.o
 .debug_ranges  0x0000000000000d10       0x80 ./Drivers/STM32L4xx_HAL_Driver/Src/stm32l4xx_hal_rcc.o
 .debug_ranges  0x0000000000000d90       0xb0 ./Drivers/STM32L4xx_HAL_Driver/Src/stm32l4xx_hal_rcc_ex.o
 .debug_ranges  0x0000000000000e40      0x248 ./Drivers/STM32L4xx_HAL_Driver/Src/stm32l4xx_hal_uart.o

.debug_macro    0x0000000000000000    0x2931b
 .debug_macro   0x0000000000000000      0x195 ./Core/Src/GFX.o
 .debug_macro   0x0000000000000195      0xa78 ./Core/Src/GFX.o
 .debug_macro   0x0000000000000c0d       0x22 ./Core/Src/GFX.o
 .debug_macro   0x0000000000000c2f       0x8e ./Core/Src/GFX.o
 .debug_macro   0x0000000000000cbd       0x51 ./Core/Src/GFX.o
 .debug_macro   0x0000000000000d0e      0x103 ./Core/Src/GFX.o
 .debug_macro   0x0000000000000e11       0x6a ./Core/Src/GFX.o
 .debug_macro   0x0000000000000e7b      0x1df ./Core/Src/GFX.o
 .debug_macro   0x000000000000105a       0x22 ./Core/Src/GFX.o
 .debug_macro   0x000000000000107c       0x1e ./Core/Src/GFX.o
 .debug_macro   0x000000000000109a       0x52 ./Core/Src/GFX.o
 .debug_macro   0x00000000000010ec       0x3c ./Core/Src/GFX.o
 .debug_macro   0x0000000000001128       0x34 ./Core/Src/GFX.o
 .debug_macro   0x000000000000115c       0x16 ./Core/Src/GFX.o
 .debug_macro   0x0000000000001172      0x10e ./Core/Src/GFX.o
 .debug_macro   0x0000000000001280       0x8d ./Core/Src/GFX.o
 .debug_macro   0x000000000000130d       0x16 ./Core/Src/GFX.o
 .debug_macro   0x0000000000001323       0x43 ./Core/Src/GFX.o
 .debug_macro   0x0000000000001366       0x34 ./Core/Src/GFX.o
 .debug_macro   0x000000000000139a       0x10 ./Core/Src/GFX.o
 .debug_macro   0x00000000000013aa       0x58 ./Core/Src/GFX.o
 .debug_macro   0x0000000000001402       0x71 ./Core/Src/GFX.o
 .debug_macro   0x0000000000001473       0x1c ./Core/Src/GFX.o
 .debug_macro   0x000000000000148f      0x12a ./Core/Src/GFX.o
 .debug_macro   0x00000000000015b9      0x341 ./Core/Src/GFX.o
 .debug_macro   0x00000000000018fa       0x16 ./Core/Src/GFX.o
 .debug_macro   0x0000000000001910       0x29 ./Core/Src/GFX.o
 .debug_macro   0x0000000000001939       0x16 ./Core/Src/GFX.o
 .debug_macro   0x000000000000194f       0x35 ./Core/Src/GFX.o
 .debug_macro   0x0000000000001984       0x20 ./Core/Src/GFX.o
 .debug_macro   0x00000000000019a4      0x118 ./Core/Src/GFX.o
 .debug_macro   0x0000000000001abc       0x10 ./Core/Src/GFX.o
 .debug_macro   0x0000000000001acc      0x325 ./Core/Src/SSD1306.o
 .debug_macro   0x0000000000001df1      0x1ad ./Core/Src/SSD1306.o
 .debug_macro   0x0000000000001f9e       0x2e ./Core/Src/SSD1306.o
 .debug_macro   0x0000000000001fcc       0x28 ./Core/Src/SSD1306.o
 .debug_macro   0x0000000000001ff4       0x1c ./Core/Src/SSD1306.o
 .debug_macro   0x0000000000002010       0x22 ./Core/Src/SSD1306.o
 .debug_macro   0x0000000000002032       0xfb ./Core/Src/SSD1306.o
 .debug_macro   0x000000000000212d     0x1011 ./Core/Src/SSD1306.o
 .debug_macro   0x000000000000313e      0x11f ./Core/Src/SSD1306.o
 .debug_macro   0x000000000000325d    0x1a17a ./Core/Src/SSD1306.o
 .debug_macro   0x000000000001d3d7       0x6d ./Core/Src/SSD1306.o
 .debug_macro   0x000000000001d444     0x38e6 ./Core/Src/SSD1306.o
 .debug_macro   0x0000000000020d2a       0x56 ./Core/Src/SSD1306.o
 .debug_macro   0x0000000000020d80     0x159e ./Core/Src/SSD1306.o
 .debug_macro   0x000000000002231e      0x5a5 ./Core/Src/SSD1306.o
 .debug_macro   0x00000000000228c3      0x1b9 ./Core/Src/SSD1306.o
 .debug_macro   0x0000000000022a7c      0x18b ./Core/Src/SSD1306.o
 .debug_macro   0x0000000000022c07      0x26b ./Core/Src/SSD1306.o
 .debug_macro   0x0000000000022e72      0x23d ./Core/Src/SSD1306.o
 .debug_macro   0x00000000000230af      0xf8a ./Core/Src/SSD1306.o
 .debug_macro   0x0000000000024039      0x632 ./Core/Src/SSD1306.o
 .debug_macro   0x000000000002466b      0x30c ./Core/Src/SSD1306.o
 .debug_macro   0x0000000000024977      0x241 ./Core/Src/SSD1306.o
 .debug_macro   0x0000000000024bb8      0x37c ./Core/Src/SSD1306.o
 .debug_macro   0x0000000000024f34       0xd6 ./Core/Src/SSD1306.o
 .debug_macro   0x000000000002500a      0x22c ./Core/Src/SSD1306.o
 .debug_macro   0x0000000000025236       0x61 ./Core/Src/SSD1306.o
 .debug_macro   0x0000000000025297       0xa5 ./Core/Src/SSD1306.o
 .debug_macro   0x000000000002533c      0x122 ./Core/Src/SSD1306.o
 .debug_macro   0x000000000002545e      0x3ef ./Core/Src/SSD1306.o
 .debug_macro   0x000000000002584d      0x5ba ./Core/Src/SSD1306.o
 .debug_macro   0x0000000000025e07       0x44 ./Core/Src/SSD1306.o
 .debug_macro   0x0000000000025e4b      0x330 ./Core/Src/SSD1306.o
 .debug_macro   0x000000000002617b       0x5e ./Core/Src/SSD1306.o
 .debug_macro   0x00000000000261d9      0x201 ./Core/Src/adc.o
 .debug_macro   0x00000000000263da      0x174 ./Core/Src/adc.o
 .debug_macro   0x000000000002654e       0x5c ./Core/Src/adc.o
 .debug_macro   0x00000000000265aa      0x201 ./Core/Src/dma.o
 .debug_macro   0x00000000000267ab      0x201 ./Core/Src/gpio.o
 .debug_macro   0x00000000000269ac      0x201 ./Core/Src/i2c.o
 .debug_macro   0x0000000000026bad      0x362 ./Core/Src/main.o
 .debug_macro   0x0000000000026f0f      0x1f7 ./Core/Src/stm32l4xx_hal_msp.o
 .debug_macro   0x0000000000027106      0x201 ./Core/Src/stm32l4xx_it.o
 .debug_macro   0x0000000000027307       0xff ./Core/Src/sysmem.o
 .debug_macro   0x0000000000027406      0x23b ./Core/Src/sysmem.o
 .debug_macro   0x0000000000027641      0x1e8 ./Core/Src/system_stm32l4xx.o
 .debug_macro   0x0000000000027829      0x201 ./Core/Src/usart.o
 .debug_macro   0x0000000000027a2a      0x236 ./Drivers/STM32L4xx_HAL_Driver/Src/stm32l4xx_hal.o
 .debug_macro   0x0000000000027c60      0x205 ./Drivers/STM32L4xx_HAL_Driver/Src/stm32l4xx_hal_adc.o
 .debug_macro   0x0000000000027e65      0x1f4 ./Drivers/STM32L4xx_HAL_Driver/Src/stm32l4xx_hal_adc_ex.o
 .debug_macro   0x0000000000028059      0x1e8 ./Drivers/STM32L4xx_HAL_Driver/Src/stm32l4xx_hal_cortex.o
 .debug_macro   0x0000000000028241      0x1e8 ./Drivers/STM32L4xx_HAL_Driver/Src/stm32l4xx_hal_dma.o
 .debug_macro   0x0000000000028429      0x1ef ./Drivers/STM32L4xx_HAL_Driver/Src/stm32l4xx_hal_gpio.o
 .debug_macro   0x0000000000028618      0x2b4 ./Drivers/STM32L4xx_HAL_Driver/Src/stm32l4xx_hal_i2c.o
 .debug_macro   0x00000000000288cc      0x1e8 ./Drivers/STM32L4xx_HAL_Driver/Src/stm32l4xx_hal_i2c_ex.o
 .debug_macro   0x0000000000028ab4      0x20c ./Drivers/STM32L4xx_HAL_Driver/Src/stm32l4xx_hal_pwr_ex.o
 .debug_macro   0x0000000000028cc0      0x22a ./Drivers/STM32L4xx_HAL_Driver/Src/stm32l4xx_hal_rcc.o
 .debug_macro   0x0000000000028eea      0x21e ./Drivers/STM32L4xx_HAL_Driver/Src/stm32l4xx_hal_rcc_ex.o
 .debug_macro   0x0000000000029108      0x213 ./Drivers/STM32L4xx_HAL_Driver/Src/stm32l4xx_hal_uart.o

.debug_line     0x0000000000000000    0x16c11
 .debug_line    0x0000000000000000      0x6b2 ./Core/Src/GFX.o
 .debug_line    0x00000000000006b2      0xe6d ./Core/Src/SSD1306.o
 .debug_line    0x000000000000151f      0x7f5 ./Core/Src/adc.o
 .debug_line    0x0000000000001d14      0x70d ./Core/Src/dma.o
 .debug_line    0x0000000000002421      0x72b ./Core/Src/gpio.o
 .debug_line    0x0000000000002b4c      0x7c9 ./Core/Src/i2c.o
 .debug_line    0x0000000000003315      0xab9 ./Core/Src/main.o
 .debug_line    0x0000000000003dce      0x70f ./Core/Src/stm32l4xx_hal_msp.o
 .debug_line    0x00000000000044dd      0x832 ./Core/Src/stm32l4xx_it.o
 .debug_line    0x0000000000004d0f      0x4f9 ./Core/Src/sysmem.o
 .debug_line    0x0000000000005208      0x7a7 ./Core/Src/system_stm32l4xx.o
 .debug_line    0x00000000000059af      0x791 ./Core/Src/usart.o
 .debug_line    0x0000000000006140       0x88 ./Core/Startup/startup_stm32l476rgtx.o
 .debug_line    0x00000000000061c8      0xb00 ./Drivers/STM32L4xx_HAL_Driver/Src/stm32l4xx_hal.o
 .debug_line    0x0000000000006cc8     0x1e6e ./Drivers/STM32L4xx_HAL_Driver/Src/stm32l4xx_hal_adc.o
 .debug_line    0x0000000000008b36     0x1881 ./Drivers/STM32L4xx_HAL_Driver/Src/stm32l4xx_hal_adc_ex.o
 .debug_line    0x000000000000a3b7      0xca6 ./Drivers/STM32L4xx_HAL_Driver/Src/stm32l4xx_hal_cortex.o
 .debug_line    0x000000000000b05d      0xcde ./Drivers/STM32L4xx_HAL_Driver/Src/stm32l4xx_hal_dma.o
 .debug_line    0x000000000000bd3b      0xb73 ./Drivers/STM32L4xx_HAL_Driver/Src/stm32l4xx_hal_gpio.o
 .debug_line    0x000000000000c8ae     0x3691 ./Drivers/STM32L4xx_HAL_Driver/Src/stm32l4xx_hal_i2c.o
 .debug_line    0x000000000000ff3f      0x92d ./Drivers/STM32L4xx_HAL_Driver/Src/stm32l4xx_hal_i2c_ex.o
 .debug_line    0x000000000001086c      0xcf7 ./Drivers/STM32L4xx_HAL_Driver/Src/stm32l4xx_hal_pwr_ex.o
 .debug_line    0x0000000000011563      0xf79 ./Drivers/STM32L4xx_HAL_Driver/Src/stm32l4xx_hal_rcc.o
 .debug_line    0x00000000000124dc     0x14b8 ./Drivers/STM32L4xx_HAL_Driver/Src/stm32l4xx_hal_rcc_ex.o
 .debug_line    0x0000000000013994     0x327d ./Drivers/STM32L4xx_HAL_Driver/Src/stm32l4xx_hal_uart.o

.debug_str      0x0000000000000000    0xfdb65
 .debug_str     0x0000000000000000     0x722d ./Core/Src/GFX.o
                                       0x743f (size before relaxing)
 .debug_str     0x000000000000722d    0xf0fef ./Core/Src/SSD1306.o
                                      0xf8722 (size before relaxing)
 .debug_str     0x00000000000f821c      0x774 ./Core/Src/adc.o
                                      0xf557f (size before relaxing)
 .debug_str     0x00000000000f8990      0x48b ./Core/Src/dma.o
                                      0xf517e (size before relaxing)
 .debug_str     0x00000000000f8e1b       0x5c ./Core/Src/gpio.o
                                      0xf5251 (size before relaxing)
 .debug_str     0x00000000000f8e77       0x79 ./Core/Src/i2c.o
                                      0xf5a6b (size before relaxing)
 .debug_str     0x00000000000f8ef0      0x29a ./Core/Src/main.o
                                      0xf834b (size before relaxing)
 .debug_str     0x00000000000f918a       0x2c ./Core/Src/stm32l4xx_hal_msp.o
                                      0xf4c6e (size before relaxing)
 .debug_str     0x00000000000f91b6      0x165 ./Core/Src/stm32l4xx_it.o
                                      0xf5162 (size before relaxing)
 .debug_str     0x00000000000f931b      0x4da ./Core/Src/sysmem.o
                                       0x5d8e (size before relaxing)
 .debug_str     0x00000000000f97f5       0xf2 ./Core/Src/system_stm32l4xx.o
                                      0xf4bf3 (size before relaxing)
 .debug_str     0x00000000000f98e7      0x22e ./Core/Src/usart.o
                                      0xf5440 (size before relaxing)
 .debug_str     0x00000000000f9b15       0x36 ./Core/Startup/startup_stm32l476rgtx.o
                                         0x50 (size before relaxing)
 .debug_str     0x00000000000f9b4b      0x6a1 ./Drivers/STM32L4xx_HAL_Driver/Src/stm32l4xx_hal.o
                                      0xf57f2 (size before relaxing)
 .debug_str     0x00000000000fa1ec      0xa9e ./Drivers/STM32L4xx_HAL_Driver/Src/stm32l4xx_hal_adc.o
                                      0xf5a52 (size before relaxing)
 .debug_str     0x00000000000fac8a      0x631 ./Drivers/STM32L4xx_HAL_Driver/Src/stm32l4xx_hal_adc_ex.o
                                      0xf59d7 (size before relaxing)
 .debug_str     0x00000000000fb2bb      0x31d ./Drivers/STM32L4xx_HAL_Driver/Src/stm32l4xx_hal_cortex.o
                                      0xf543a (size before relaxing)
 .debug_str     0x00000000000fb5d8      0x205 ./Drivers/STM32L4xx_HAL_Driver/Src/stm32l4xx_hal_dma.o
                                      0xf4e5d (size before relaxing)
 .debug_str     0x00000000000fb7dd       0xea ./Drivers/STM32L4xx_HAL_Driver/Src/stm32l4xx_hal_gpio.o
                                      0xf4d6c (size before relaxing)
 .debug_str     0x00000000000fb8c7      0xd6d ./Drivers/STM32L4xx_HAL_Driver/Src/stm32l4xx_hal_i2c.o
                                      0xf5df7 (size before relaxing)
 .debug_str     0x00000000000fc634       0xb8 ./Drivers/STM32L4xx_HAL_Driver/Src/stm32l4xx_hal_i2c_ex.o
                                      0xf512a (size before relaxing)
 .debug_str     0x00000000000fc6ec      0x4d3 ./Drivers/STM32L4xx_HAL_Driver/Src/stm32l4xx_hal_pwr_ex.o
                                      0xf514e (size before relaxing)
 .debug_str     0x00000000000fcbbf      0x33a ./Drivers/STM32L4xx_HAL_Driver/Src/stm32l4xx_hal_rcc.o
                                      0xf5239 (size before relaxing)
 .debug_str     0x00000000000fcef9      0x3bf ./Drivers/STM32L4xx_HAL_Driver/Src/stm32l4xx_hal_rcc_ex.o
                                      0xf53b2 (size before relaxing)
 .debug_str     0x00000000000fd2b8      0x8ad ./Drivers/STM32L4xx_HAL_Driver/Src/stm32l4xx_hal_uart.o
                                      0xf5923 (size before relaxing)

.comment        0x0000000000000000       0x50
 .comment       0x0000000000000000       0x50 ./Core/Src/GFX.o
                                         0x51 (size before relaxing)
 .comment       0x0000000000000050       0x51 ./Core/Src/SSD1306.o
 .comment       0x0000000000000050       0x51 ./Core/Src/adc.o
 .comment       0x0000000000000050       0x51 ./Core/Src/dma.o
 .comment       0x0000000000000050       0x51 ./Core/Src/gpio.o
 .comment       0x0000000000000050       0x51 ./Core/Src/i2c.o
 .comment       0x0000000000000050       0x51 ./Core/Src/main.o
 .comment       0x0000000000000050       0x51 ./Core/Src/stm32l4xx_hal_msp.o
 .comment       0x0000000000000050       0x51 ./Core/Src/stm32l4xx_it.o
 .comment       0x0000000000000050       0x51 ./Core/Src/sysmem.o
 .comment       0x0000000000000050       0x51 ./Core/Src/system_stm32l4xx.o
 .comment       0x0000000000000050       0x51 ./Core/Src/usart.o
 .comment       0x0000000000000050       0x51 ./Drivers/STM32L4xx_HAL_Driver/Src/stm32l4xx_hal.o
 .comment       0x0000000000000050       0x51 ./Drivers/STM32L4xx_HAL_Driver/Src/stm32l4xx_hal_adc.o
 .comment       0x0000000000000050       0x51 ./Drivers/STM32L4xx_HAL_Driver/Src/stm32l4xx_hal_adc_ex.o
 .comment       0x0000000000000050       0x51 ./Drivers/STM32L4xx_HAL_Driver/Src/stm32l4xx_hal_cortex.o
 .comment       0x0000000000000050       0x51 ./Drivers/STM32L4xx_HAL_Driver/Src/stm32l4xx_hal_dma.o
 .comment       0x0000000000000050       0x51 ./Drivers/STM32L4xx_HAL_Driver/Src/stm32l4xx_hal_gpio.o
 .comment       0x0000000000000050       0x51 ./Drivers/STM32L4xx_HAL_Driver/Src/stm32l4xx_hal_i2c.o
 .comment       0x0000000000000050       0x51 ./Drivers/STM32L4xx_HAL_Driver/Src/stm32l4xx_hal_i2c_ex.o
 .comment       0x0000000000000050       0x51 ./Drivers/STM32L4xx_HAL_Driver/Src/stm32l4xx_hal_pwr_ex.o
 .comment       0x0000000000000050       0x51 ./Drivers/STM32L4xx_HAL_Driver/Src/stm32l4xx_hal_rcc.o
 .comment       0x0000000000000050       0x51 ./Drivers/STM32L4xx_HAL_Driver/Src/stm32l4xx_hal_rcc_ex.o
 .comment       0x0000000000000050       0x51 ./Drivers/STM32L4xx_HAL_Driver/Src/stm32l4xx_hal_uart.o

.debug_frame    0x0000000000000000     0x4ba8
 .debug_frame   0x0000000000000000       0x88 ./Core/Src/GFX.o
 .debug_frame   0x0000000000000088      0x330 ./Core/Src/SSD1306.o
 .debug_frame   0x00000000000003b8       0x80 ./Core/Src/adc.o
 .debug_frame   0x0000000000000438       0x34 ./Core/Src/dma.o
 .debug_frame   0x000000000000046c       0x34 ./Core/Src/gpio.o
 .debug_frame   0x00000000000004a0       0x78 ./Core/Src/i2c.o
 .debug_frame   0x0000000000000518      0x140 ./Core/Src/main.o
 .debug_frame   0x0000000000000658       0x38 ./Core/Src/stm32l4xx_hal_msp.o
 .debug_frame   0x0000000000000690      0x174 ./Core/Src/stm32l4xx_it.o
 .debug_frame   0x0000000000000804       0x34 ./Core/Src/sysmem.o
 .debug_frame   0x0000000000000838       0x58 ./Core/Src/system_stm32l4xx.o
 .debug_frame   0x0000000000000890       0x78 ./Core/Src/usart.o
 .debug_frame   0x0000000000000908      0x498 ./Drivers/STM32L4xx_HAL_Driver/Src/stm32l4xx_hal.o
 .debug_frame   0x0000000000000da0      0xa04 ./Drivers/STM32L4xx_HAL_Driver/Src/stm32l4xx_hal_adc.o
 .debug_frame   0x00000000000017a4      0x7a4 ./Drivers/STM32L4xx_HAL_Driver/Src/stm32l4xx_hal_adc_ex.o
 .debug_frame   0x0000000000001f48      0x498 ./Drivers/STM32L4xx_HAL_Driver/Src/stm32l4xx_hal_cortex.o
 .debug_frame   0x00000000000023e0      0x204 ./Drivers/STM32L4xx_HAL_Driver/Src/stm32l4xx_hal_dma.o
 .debug_frame   0x00000000000025e4      0x14c ./Drivers/STM32L4xx_HAL_Driver/Src/stm32l4xx_hal_gpio.o
 .debug_frame   0x0000000000002730      0xc38 ./Drivers/STM32L4xx_HAL_Driver/Src/stm32l4xx_hal_i2c.o
 .debug_frame   0x0000000000003368      0x100 ./Drivers/STM32L4xx_HAL_Driver/Src/stm32l4xx_hal_i2c_ex.o
 .debug_frame   0x0000000000003468      0x584 ./Drivers/STM32L4xx_HAL_Driver/Src/stm32l4xx_hal_pwr_ex.o
 .debug_frame   0x00000000000039ec      0x21c ./Drivers/STM32L4xx_HAL_Driver/Src/stm32l4xx_hal_rcc.o
 .debug_frame   0x0000000000003c08      0x2fc ./Drivers/STM32L4xx_HAL_Driver/Src/stm32l4xx_hal_rcc_ex.o
 .debug_frame   0x0000000000003f04      0x9f4 ./Drivers/STM32L4xx_HAL_Driver/Src/stm32l4xx_hal_uart.o
 .debug_frame   0x00000000000048f8       0x20 d:/stm32/stm32cubeide_1.10.1/stm32cubeide/plugins/com.st.stm32cube.ide.mcu.externaltools.gnu-tools-for-stm32.10.3-2021.10.win32_1.0.0.202111181127/tools/bin/../lib/gcc/arm-none-eabi/10.3.1/../../../../arm-none-eabi/lib/thumb/v7e-m+fp/hard\libc_nano.a(lib_a-errno.o)
 .debug_frame   0x0000000000004918       0x2c d:/stm32/stm32cubeide_1.10.1/stm32cubeide/plugins/com.st.stm32cube.ide.mcu.externaltools.gnu-tools-for-stm32.10.3-2021.10.win32_1.0.0.202111181127/tools/bin/../lib/gcc/arm-none-eabi/10.3.1/../../../../arm-none-eabi/lib/thumb/v7e-m+fp/hard\libc_nano.a(lib_a-init.o)
 .debug_frame   0x0000000000004944       0x30 d:/stm32/stm32cubeide_1.10.1/stm32cubeide/plugins/com.st.stm32cube.ide.mcu.externaltools.gnu-tools-for-stm32.10.3-2021.10.win32_1.0.0.202111181127/tools/bin/../lib/gcc/arm-none-eabi/10.3.1/../../../../arm-none-eabi/lib/thumb/v7e-m+fp/hard\libc_nano.a(lib_a-malloc.o)
 .debug_frame   0x0000000000004974       0x20 d:/stm32/stm32cubeide_1.10.1/stm32cubeide/plugins/com.st.stm32cube.ide.mcu.externaltools.gnu-tools-for-stm32.10.3-2021.10.win32_1.0.0.202111181127/tools/bin/../lib/gcc/arm-none-eabi/10.3.1/../../../../arm-none-eabi/lib/thumb/v7e-m+fp/hard\libc_nano.a(lib_a-memset.o)
 .debug_frame   0x0000000000004994       0x4c d:/stm32/stm32cubeide_1.10.1/stm32cubeide/plugins/com.st.stm32cube.ide.mcu.externaltools.gnu-tools-for-stm32.10.3-2021.10.win32_1.0.0.202111181127/tools/bin/../lib/gcc/arm-none-eabi/10.3.1/../../../../arm-none-eabi/lib/thumb/v7e-m+fp/hard\libc_nano.a(lib_a-nano-mallocr.o)
 .debug_frame   0x00000000000049e0       0x2c d:/stm32/stm32cubeide_1.10.1/stm32cubeide/plugins/com.st.stm32cube.ide.mcu.externaltools.gnu-tools-for-stm32.10.3-2021.10.win32_1.0.0.202111181127/tools/bin/../lib/gcc/arm-none-eabi/10.3.1/../../../../arm-none-eabi/lib/thumb/v7e-m+fp/hard\libc_nano.a(lib_a-sbrkr.o)
 .debug_frame   0x0000000000004a0c       0x30 d:/stm32/stm32cubeide_1.10.1/stm32cubeide/plugins/com.st.stm32cube.ide.mcu.externaltools.gnu-tools-for-stm32.10.3-2021.10.win32_1.0.0.202111181127/tools/bin/../lib/gcc/arm-none-eabi/10.3.1/../../../../arm-none-eabi/lib/thumb/v7e-m+fp/hard\libc_nano.a(lib_a-mlock.o)
 .debug_frame   0x0000000000004a3c       0x5c d:/stm32/stm32cubeide_1.10.1/stm32cubeide/plugins/com.st.stm32cube.ide.mcu.externaltools.gnu-tools-for-stm32.10.3-2021.10.win32_1.0.0.202111181127/tools/bin/../lib/gcc/arm-none-eabi/10.3.1/../../../../arm-none-eabi/lib/thumb/v7e-m+fp/hard\libc_nano.a(lib_a-reent.o)
 .debug_frame   0x0000000000004a98       0xb0 d:/stm32/stm32cubeide_1.10.1/stm32cubeide/plugins/com.st.stm32cube.ide.mcu.externaltools.gnu-tools-for-stm32.10.3-2021.10.win32_1.0.0.202111181127/tools/bin/../lib/gcc/arm-none-eabi/10.3.1/../../../../arm-none-eabi/lib/thumb/v7e-m+fp/hard\libc_nano.a(lib_a-lock.o)
 .debug_frame   0x0000000000004b48       0x2c d:/stm32/stm32cubeide_1.10.1/stm32cubeide/plugins/com.st.stm32cube.ide.mcu.externaltools.gnu-tools-for-stm32.10.3-2021.10.win32_1.0.0.202111181127/tools/bin/../lib/gcc/arm-none-eabi/10.3.1/thumb/v7e-m+fp/hard\libgcc.a(_aeabi_uldivmod.o)
 .debug_frame   0x0000000000004b74       0x34 d:/stm32/stm32cubeide_1.10.1/stm32cubeide/plugins/com.st.stm32cube.ide.mcu.externaltools.gnu-tools-for-stm32.10.3-2021.10.win32_1.0.0.202111181127/tools/bin/../lib/gcc/arm-none-eabi/10.3.1/thumb/v7e-m+fp/hard\libgcc.a(_udivmoddi4.o)
