../Core/Src/main.c:97:5:main	8	static
../Core/Src/main.c:187:6:SystemClock_Config	96	static
../Core/Src/main.c:236:6:PeriphCommonClock_Config	144	static
../Core/Src/main.c:259:6:Draw_Cursor	16	static
../Core/Src/main.c:265:6:Draw_Block	32	static
../Core/Src/main.c:272:6:Move_Wall	8	static
../Core/Src/main.c:283:6:Move_Wall2	16	static
../Core/Src/main.c:299:6:Move_Wall3	16	static
../Core/Src/main.c:315:6:Move_Wall4	16	static
../Core/Src/main.c:332:6:Drifting_X	24	static
../Core/Src/main.c:357:6:Bird_Colision	24	static
../Core/Src/main.c:364:6:Game_Over	24	static
../Core/Src/main.c:374:6:Move_and_ADD	16	static
../Core/Src/main.c:383:6:Jump	8	static
../Core/Src/main.c:392:6:HAL_GPIO_EXTI_Callback	16	static
../Core/Src/main.c:410:6:Error_Handler	4	static,ignoring_inline_asm
